// Jest Snapshot v1, https://goo.gl/fbAQLP

exports[`CveRelationshipsFindings Should create a Vulnerability finding entity correctly when there is a CVE relationship 1`] = `
Array [
  Object {
    "cvssV3": 5.5,
    "description": "Windows Desired State Configuration (DSC) Information Disclosure Vulnerability",
    "exploitInKit": false,
    "exploitTypes": Array [],
    "exploitUris": Array [],
    "exploitVerified": false,
    "exposedMachines": 1,
    "id": "CVE-2022-30148",
    "name": "CVE-2022-30148",
    "publicExploit": false,
    "publishedOn": "2022-06-14T00:00:00Z",
    "severity": "Medium",
    "updatedOn": "2022-06-16T02:32:00Z",
  },
  Object {
    "cvssV3": 7.8,
    "description": "Windows Container Manager Service Elevation of Privilege Vulnerability",
    "exploitInKit": false,
    "exploitTypes": Array [],
    "exploitUris": Array [],
    "exploitVerified": false,
    "exposedMachines": 1,
    "id": "CVE-2022-30132",
    "name": "CVE-2022-30132",
    "publicExploit": false,
    "publishedOn": "2022-06-14T00:00:00Z",
    "severity": "High",
    "updatedOn": "2022-06-16T02:32:00Z",
  },
  Object {
    "cvssV3": 6.5,
    "description": "Windows Autopilot Device Management and Enrollment Client Spoofing Vulnerability",
    "exploitInKit": false,
    "exploitTypes": Array [],
    "exploitUris": Array [],
    "exploitVerified": false,
    "exposedMachines": 1,
    "id": "CVE-2022-30189",
    "name": "CVE-2022-30189",
    "publicExploit": false,
    "publishedOn": "2022-06-14T00:00:00Z",
    "severity": "Medium",
    "updatedOn": "2022-06-16T02:32:00Z",
  },
  Object {
    "cvssV3": 7,
    "description": "Windows Ancillary Function Driver for WinSock Elevation of Privilege Vulnerability",
    "exploitInKit": false,
    "exploitTypes": Array [],
    "exploitUris": Array [],
    "exploitVerified": false,
    "exposedMachines": 1,
    "id": "CVE-2022-30151",
    "name": "CVE-2022-30151",
    "publicExploit": false,
    "publishedOn": "2022-06-14T00:00:00Z",
    "severity": "High",
    "updatedOn": "2022-06-16T02:32:00Z",
  },
  Object {
    "cvssV3": 5.6,
    "description": "This vulnerability affects the following vendors: Microsoft, Oracle, Centos, Red_Hat, Debian, Suse, Hp. To view more details about this vulnerability please visit the vendor website.",
    "exploitInKit": false,
    "exploitTypes": Array [],
    "exploitUris": Array [],
    "exploitVerified": false,
    "exposedMachines": 1,
    "id": "CVE-2022-21125",
    "name": "CVE-2022-21125",
    "publicExploit": false,
    "publishedOn": "2022-06-14T00:00:00Z",
    "severity": "Medium",
    "updatedOn": "2022-06-22T00:00:00Z",
  },
  Object {
    "cvssV3": 4.8,
    "description": "Windows DCOM Server Security Feature Bypass",
    "exploitInKit": false,
    "exploitTypes": Array [],
    "exploitUris": Array [],
    "exploitVerified": false,
    "exposedMachines": 1,
    "id": "CVE-2021-26414",
    "name": "CVE-2021-26414",
    "publicExploit": false,
    "publishedOn": "2021-06-08T00:00:00Z",
    "severity": "Medium",
    "updatedOn": "2022-06-20T07:00:00Z",
  },
  Object {
    "cvssV3": 5.5,
    "description": "Windows Kernel Denial of Service Vulnerability",
    "exploitInKit": false,
    "exploitTypes": Array [],
    "exploitUris": Array [],
    "exploitVerified": false,
    "exposedMachines": 1,
    "id": "CVE-2022-30155",
    "name": "CVE-2022-30155",
    "publicExploit": false,
    "publishedOn": "2022-06-13T00:00:00Z",
    "severity": "Medium",
    "updatedOn": "2022-06-16T02:32:00Z",
  },
  Object {
    "cvssV3": 8.8,
    "description": "This vulnerability affects the following vendors: Google, Microsoft, Ubuntu, Debian. To view more details about this vulnerability please visit the vendor website.",
    "exploitInKit": false,
    "exploitTypes": Array [],
    "exploitUris": Array [],
    "exploitVerified": false,
    "exposedMachines": 1,
    "id": "CVE-2022-2011",
    "name": "CVE-2022-2011",
    "publicExploit": false,
    "publishedOn": "2022-06-09T00:00:00Z",
    "severity": "High",
    "updatedOn": "2022-06-14T01:04:00Z",
  },
  Object {
    "cvssV3": 7.8,
    "description": "Local Security Authority Subsystem Service Elevation of Privilege Vulnerability",
    "exploitInKit": false,
    "exploitTypes": Array [],
    "exploitUris": Array [],
    "exploitVerified": false,
    "exposedMachines": 1,
    "id": "CVE-2022-30166",
    "name": "CVE-2022-30166",
    "publicExploit": false,
    "publishedOn": "2022-06-14T00:00:00Z",
    "severity": "High",
    "updatedOn": "2022-06-16T02:32:00Z",
  },
  Object {
    "cvssV3": 7.5,
    "description": "Windows Lightweight Directory Access Protocol (LDAP) Remote Code Execution Vulnerability",
    "exploitInKit": false,
    "exploitTypes": Array [],
    "exploitUris": Array [],
    "exploitVerified": false,
    "exposedMachines": 1,
    "id": "CVE-2022-30149",
    "name": "CVE-2022-30149",
    "publicExploit": false,
    "publishedOn": "2022-06-14T00:00:00Z",
    "severity": "High",
    "updatedOn": "2022-06-16T02:32:00Z",
  },
  Object {
    "cvssV3": 7.5,
    "description": "Windows Lightweight Directory Access Protocol (LDAP) Remote Code Execution Vulnerability",
    "exploitInKit": false,
    "exploitTypes": Array [],
    "exploitUris": Array [],
    "exploitVerified": false,
    "exposedMachines": 1,
    "id": "CVE-2022-30139",
    "name": "CVE-2022-30139",
    "publicExploit": false,
    "publishedOn": "2022-06-13T00:00:00Z",
    "severity": "High",
    "updatedOn": "2022-06-16T02:32:00Z",
  },
  Object {
    "cvssV3": 7.1,
    "description": "Windows File History Remote Code Execution Vulnerability",
    "exploitInKit": false,
    "exploitTypes": Array [],
    "exploitUris": Array [],
    "exploitVerified": false,
    "exposedMachines": 1,
    "id": "CVE-2022-30142",
    "name": "CVE-2022-30142",
    "publicExploit": false,
    "publishedOn": "2022-06-13T00:00:00Z",
    "severity": "High",
    "updatedOn": "2022-06-16T02:32:00Z",
  },
  Object {
    "cvssV3": 8.8,
    "description": "Windows Lightweight Directory Access Protocol (LDAP) Remote Code Execution Vulnerability",
    "exploitInKit": false,
    "exploitTypes": Array [],
    "exploitUris": Array [],
    "exploitVerified": false,
    "exposedMachines": 1,
    "id": "CVE-2022-30153",
    "name": "CVE-2022-30153",
    "publicExploit": false,
    "publishedOn": "2022-06-14T00:00:00Z",
    "severity": "High",
    "updatedOn": "2022-06-16T02:32:00Z",
  },
  Object {
    "cvssV3": 5.5,
    "description": "Windows Kernel Information Disclosure Vulnerability",
    "exploitInKit": false,
    "exploitTypes": Array [],
    "exploitUris": Array [],
    "exploitVerified": false,
    "exposedMachines": 1,
    "id": "CVE-2022-30162",
    "name": "CVE-2022-30162",
    "publicExploit": false,
    "publishedOn": "2022-06-13T00:00:00Z",
    "severity": "Medium",
    "updatedOn": "2022-06-16T02:32:00Z",
  },
  Object {
    "cvssV3": 8.8,
    "description": "Windows Kerberos Elevation of Privilege Vulnerability",
    "exploitInKit": false,
    "exploitTypes": Array [],
    "exploitUris": Array [],
    "exploitVerified": false,
    "exposedMachines": 1,
    "id": "CVE-2022-30165",
    "name": "CVE-2022-30165",
    "publicExploit": false,
    "publishedOn": "2022-06-14T00:00:00Z",
    "severity": "High",
    "updatedOn": "2022-06-16T02:32:00Z",
  },
  Object {
    "cvssV3": 5.5,
    "description": "This vulnerability affects the following vendors: Microsoft, Oracle, Centos, Red_Hat, Ubuntu, Debian, Suse, Hp. To view more details about this vulnerability please visit the vendor website.",
    "exploitInKit": false,
    "exploitTypes": Array [],
    "exploitUris": Array [],
    "exploitVerified": false,
    "exposedMachines": 1,
    "id": "CVE-2022-21127",
    "name": "CVE-2022-21127",
    "publicExploit": false,
    "publishedOn": "2022-06-14T00:00:00Z",
    "severity": "Medium",
    "updatedOn": "2022-06-22T00:00:00Z",
  },
  Object {
    "cvssV3": 7.8,
    "description": "Windows Installer Elevation of Privilege Vulnerability",
    "exploitInKit": false,
    "exploitTypes": Array [],
    "exploitUris": Array [],
    "exploitVerified": false,
    "exposedMachines": 1,
    "id": "CVE-2022-30147",
    "name": "CVE-2022-30147",
    "publicExploit": false,
    "publishedOn": "2022-06-14T00:00:00Z",
    "severity": "High",
    "updatedOn": "2022-06-16T02:32:00Z",
  },
  Object {
    "cvssV3": 7.5,
    "description": "Windows Lightweight Directory Access Protocol (LDAP) Remote Code Execution Vulnerability",
    "exploitInKit": false,
    "exploitTypes": Array [],
    "exploitUris": Array [],
    "exploitVerified": false,
    "exposedMachines": 1,
    "id": "CVE-2022-30143",
    "name": "CVE-2022-30143",
    "publicExploit": false,
    "publishedOn": "2022-06-14T00:00:00Z",
    "severity": "High",
    "updatedOn": "2022-06-16T02:32:00Z",
  },
  Object {
    "cvssV3": 6.1,
    "description": "This vulnerability affects the following vendors: Microsoft, Oracle, Centos, Red_Hat, Debian, Suse, Hp. To view more details about this vulnerability please visit the vendor website.",
    "exploitInKit": false,
    "exploitTypes": Array [],
    "exploitUris": Array [],
    "exploitVerified": false,
    "exposedMachines": 1,
    "id": "CVE-2022-21123",
    "name": "CVE-2022-21123",
    "publicExploit": false,
    "publishedOn": "2022-06-14T00:00:00Z",
    "severity": "Medium",
    "updatedOn": "2022-06-22T00:00:00Z",
  },
  Object {
    "cvssV3": 7.8,
    "description": "Windows Advanced Local Procedure Call Elevation of Privilege Vulnerability",
    "exploitInKit": false,
    "exploitTypes": Array [],
    "exploitUris": Array [],
    "exploitVerified": false,
    "exposedMachines": 1,
    "id": "CVE-2022-30160",
    "name": "CVE-2022-30160",
    "publicExploit": false,
    "publishedOn": "2022-06-14T00:00:00Z",
    "severity": "High",
    "updatedOn": "2022-06-16T02:32:00Z",
  },
  Object {
    "cvssV3": 8.4,
    "description": "Kerberos AppContainer Security Feature Bypass Vulnerability",
    "exploitInKit": false,
    "exploitTypes": Array [],
    "exploitUris": Array [],
    "exploitVerified": false,
    "exposedMachines": 1,
    "id": "CVE-2022-30164",
    "name": "CVE-2022-30164",
    "publicExploit": false,
    "publishedOn": "2022-06-14T00:00:00Z",
    "severity": "High",
    "updatedOn": "2022-06-16T02:32:00Z",
  },
  Object {
    "cvssV3": 6.5,
    "description": "This vulnerability affects the following vendors: Google, Microsoft, Ubuntu, Debian. To view more details about this vulnerability please visit the vendor website.",
    "exploitInKit": false,
    "exploitTypes": Array [],
    "exploitUris": Array [],
    "exploitVerified": false,
    "exposedMachines": 1,
    "id": "CVE-2022-2010",
    "name": "CVE-2022-2010",
    "publicExploit": false,
    "publishedOn": "2022-06-09T00:00:00Z",
    "severity": "Medium",
    "updatedOn": "2022-06-14T01:04:00Z",
  },
  Object {
    "cvssV3": 8.8,
    "description": "This vulnerability affects the following vendors: Google, Microsoft, Ubuntu, Debian. To view more details about this vulnerability please visit the vendor website.",
    "exploitInKit": false,
    "exploitTypes": Array [],
    "exploitUris": Array [],
    "exploitVerified": false,
    "exposedMachines": 1,
    "id": "CVE-2022-2007",
    "name": "CVE-2022-2007",
    "publicExploit": false,
    "publishedOn": "2022-06-09T00:00:00Z",
    "severity": "High",
    "updatedOn": "2022-06-14T01:04:00Z",
  },
  Object {
    "cvssV3": 7.5,
    "description": "Windows Defender Remote Credential Guard Elevation of Privilege Vulnerability",
    "exploitInKit": false,
    "exploitTypes": Array [],
    "exploitUris": Array [],
    "exploitVerified": false,
    "exposedMachines": 1,
    "id": "CVE-2022-30150",
    "name": "CVE-2022-30150",
    "publicExploit": false,
    "publishedOn": "2022-06-14T00:00:00Z",
    "severity": "High",
    "updatedOn": "2022-06-16T02:32:00Z",
  },
  Object {
    "cvssV3": 8.1,
    "description": "Windows Lightweight Directory Access Protocol (LDAP) Remote Code Execution Vulnerability",
    "exploitInKit": false,
    "exploitTypes": Array [],
    "exploitUris": Array [],
    "exploitVerified": false,
    "exposedMachines": 1,
    "id": "CVE-2022-30141",
    "name": "CVE-2022-30141",
    "publicExploit": false,
    "publishedOn": "2022-06-14T00:00:00Z",
    "severity": "High",
    "updatedOn": "2022-06-16T02:32:00Z",
  },
  Object {
    "cvssV3": 8.8,
    "description": "This vulnerability affects the following vendors: Google, Microsoft, Ubuntu, Debian. To view more details about this vulnerability please visit the vendor website.",
    "exploitInKit": false,
    "exploitTypes": Array [],
    "exploitUris": Array [],
    "exploitVerified": false,
    "exposedMachines": 1,
    "id": "CVE-2022-2008",
    "name": "CVE-2022-2008",
    "publicExploit": false,
    "publishedOn": "2022-06-09T00:00:00Z",
    "severity": "High",
    "updatedOn": "2022-06-14T01:04:00Z",
  },
  Object {
    "cvssV3": 7.5,
    "description": "Windows Lightweight Directory Access Protocol (LDAP) Remote Code Execution Vulnerability",
    "exploitInKit": false,
    "exploitTypes": Array [],
    "exploitUris": Array [],
    "exploitVerified": false,
    "exposedMachines": 1,
    "id": "CVE-2022-30146",
    "name": "CVE-2022-30146",
    "publicExploit": false,
    "publishedOn": "2022-06-14T00:00:00Z",
    "severity": "High",
    "updatedOn": "2022-06-16T02:32:00Z",
  },
  Object {
    "cvssV3": 8.8,
    "description": "Windows Lightweight Directory Access Protocol (LDAP) Remote Code Execution Vulnerability",
    "exploitInKit": false,
    "exploitTypes": Array [],
    "exploitUris": Array [],
    "exploitVerified": false,
    "exposedMachines": 1,
    "id": "CVE-2022-30161",
    "name": "CVE-2022-30161",
    "publicExploit": false,
    "publishedOn": "2022-06-13T00:00:00Z",
    "severity": "High",
    "updatedOn": "2022-06-16T02:32:00Z",
  },
  Object {
    "cvssV3": 7.5,
    "description": "Windows Network Address Translation (NAT) Denial of Service Vulnerability",
    "exploitInKit": false,
    "exploitTypes": Array [],
    "exploitUris": Array [],
    "exploitVerified": false,
    "exposedMachines": 1,
    "id": "CVE-2022-30152",
    "name": "CVE-2022-30152",
    "publicExploit": false,
    "publishedOn": "2022-06-14T00:00:00Z",
    "severity": "High",
    "updatedOn": "2022-06-16T02:32:00Z",
  },
  Object {
    "cvssV3": 7.5,
    "description": "Windows Encrypting File System (EFS) Remote Code Execution Vulnerability",
    "exploitInKit": false,
    "exploitTypes": Array [],
    "exploitUris": Array [],
    "exploitVerified": false,
    "exposedMachines": 1,
    "id": "CVE-2022-30145",
    "name": "CVE-2022-30145",
    "publicExploit": false,
    "publishedOn": "2022-06-14T00:00:00Z",
    "severity": "High",
    "updatedOn": "2022-06-16T02:32:00Z",
  },
  Object {
    "cvssV3": 7.8,
    "description": "A remote code execution vulnerability exists when MSDT is called using the URL protocol from a calling application such as Word. An attacker who successfully exploits this vulnerability can run arbitrary code with the privileges of the calling application. The attacker can then install programs, view, change, or delete data, or create new accounts in the context allowed by the user’s rights.Please see the&#160;MSRC Blog Entry for important information about steps you can take to protect your system from this vulnerability.",
    "exploitInKit": false,
    "exploitTypes": Array [
      "Remote",
    ],
    "exploitUris": Array [
      "https://msrc-blog.microsoft.com/2022/05/30/guidance-for-cve-2022-30190-microsoft-support-diagnostic-tool-vulnerability",
      "https://msrc.microsoft.com/update-guide/en-US/vulnerability/CVE-2022-30190",
      "https://www.cisa.gov/known-exploited-vulnerabilities-catalog",
    ],
    "exploitVerified": true,
    "exposedMachines": 1,
    "id": "CVE-2022-30190",
    "name": "CVE-2022-30190",
    "publicExploit": true,
    "publishedOn": "2022-05-30T00:00:00Z",
    "severity": "High",
    "updatedOn": "2022-06-14T07:00:00Z",
  },
  Object {
    "cvssV3": 7.1,
    "description": "Windows iSCSI Discovery Service Remote Code Execution Vulnerability",
    "exploitInKit": false,
    "exploitTypes": Array [],
    "exploitUris": Array [],
    "exploitVerified": false,
    "exposedMachines": 1,
    "id": "CVE-2022-30140",
    "name": "CVE-2022-30140",
    "publicExploit": false,
    "publishedOn": "2022-06-14T00:00:00Z",
    "severity": "High",
    "updatedOn": "2022-06-16T02:32:00Z",
  },
  Object {
    "cvssV3": 5.5,
    "description": "This vulnerability affects the following vendors: Microsoft, Oracle, Centos, Red_Hat, Debian, Suse, Hp. To view more details about this vulnerability please visit the vendor website.",
    "exploitInKit": false,
    "exploitTypes": Array [],
    "exploitUris": Array [],
    "exploitVerified": false,
    "exposedMachines": 1,
    "id": "CVE-2022-21166",
    "name": "CVE-2022-21166",
    "publicExploit": false,
    "publishedOn": "2022-06-14T00:00:00Z",
    "severity": "Medium",
    "updatedOn": "2022-06-22T00:00:00Z",
  },
]
`;

exports[`fetchFindings Should create a Vulnerability finding entity correctly when user has the correct permissions 1`] = `
Array [
  Object {
    "cvssV3": 5.5,
    "description": "Windows Desired State Configuration (DSC) Information Disclosure Vulnerability",
    "exploitInKit": false,
    "exploitTypes": Array [],
    "exploitUris": Array [],
    "exploitVerified": false,
    "exposedMachines": 1,
    "id": "CVE-2022-30148",
    "name": "CVE-2022-30148",
    "publicExploit": false,
    "publishedOn": "2022-06-14T00:00:00Z",
    "severity": "Medium",
    "updatedOn": "2022-06-16T02:32:00Z",
  },
  Object {
    "cvssV3": 7.8,
    "description": "Windows Container Manager Service Elevation of Privilege Vulnerability",
    "exploitInKit": false,
    "exploitTypes": Array [],
    "exploitUris": Array [],
    "exploitVerified": false,
    "exposedMachines": 1,
    "id": "CVE-2022-30132",
    "name": "CVE-2022-30132",
    "publicExploit": false,
    "publishedOn": "2022-06-14T00:00:00Z",
    "severity": "High",
    "updatedOn": "2022-06-16T02:32:00Z",
  },
  Object {
    "cvssV3": 6.5,
    "description": "Windows Autopilot Device Management and Enrollment Client Spoofing Vulnerability",
    "exploitInKit": false,
    "exploitTypes": Array [],
    "exploitUris": Array [],
    "exploitVerified": false,
    "exposedMachines": 1,
    "id": "CVE-2022-30189",
    "name": "CVE-2022-30189",
    "publicExploit": false,
    "publishedOn": "2022-06-14T00:00:00Z",
    "severity": "Medium",
    "updatedOn": "2022-06-16T02:32:00Z",
  },
  Object {
    "cvssV3": 7,
    "description": "Windows Ancillary Function Driver for WinSock Elevation of Privilege Vulnerability",
    "exploitInKit": false,
    "exploitTypes": Array [],
    "exploitUris": Array [],
    "exploitVerified": false,
    "exposedMachines": 1,
    "id": "CVE-2022-30151",
    "name": "CVE-2022-30151",
    "publicExploit": false,
    "publishedOn": "2022-06-14T00:00:00Z",
    "severity": "High",
    "updatedOn": "2022-06-16T02:32:00Z",
  },
  Object {
    "cvssV3": 5.6,
    "description": "This vulnerability affects the following vendors: Microsoft, Oracle, Centos, Red_Hat, Debian, Suse, Hp. To view more details about this vulnerability please visit the vendor website.",
    "exploitInKit": false,
    "exploitTypes": Array [],
    "exploitUris": Array [],
    "exploitVerified": false,
    "exposedMachines": 1,
    "id": "CVE-2022-21125",
    "name": "CVE-2022-21125",
    "publicExploit": false,
    "publishedOn": "2022-06-14T00:00:00Z",
    "severity": "Medium",
    "updatedOn": "2022-06-22T00:00:00Z",
  },
  Object {
    "cvssV3": 4.8,
    "description": "Windows DCOM Server Security Feature Bypass",
    "exploitInKit": false,
    "exploitTypes": Array [],
    "exploitUris": Array [],
    "exploitVerified": false,
    "exposedMachines": 1,
    "id": "CVE-2021-26414",
    "name": "CVE-2021-26414",
    "publicExploit": false,
    "publishedOn": "2021-06-08T00:00:00Z",
    "severity": "Medium",
    "updatedOn": "2022-06-20T07:00:00Z",
  },
  Object {
    "cvssV3": 5.5,
    "description": "Windows Kernel Denial of Service Vulnerability",
    "exploitInKit": false,
    "exploitTypes": Array [],
    "exploitUris": Array [],
    "exploitVerified": false,
    "exposedMachines": 1,
    "id": "CVE-2022-30155",
    "name": "CVE-2022-30155",
    "publicExploit": false,
    "publishedOn": "2022-06-13T00:00:00Z",
    "severity": "Medium",
    "updatedOn": "2022-06-16T02:32:00Z",
  },
  Object {
    "cvssV3": 8.8,
    "description": "This vulnerability affects the following vendors: Google, Microsoft, Ubuntu, Debian. To view more details about this vulnerability please visit the vendor website.",
    "exploitInKit": false,
    "exploitTypes": Array [],
    "exploitUris": Array [],
    "exploitVerified": false,
    "exposedMachines": 1,
    "id": "CVE-2022-2011",
    "name": "CVE-2022-2011",
    "publicExploit": false,
    "publishedOn": "2022-06-09T00:00:00Z",
    "severity": "High",
    "updatedOn": "2022-06-14T01:04:00Z",
  },
  Object {
    "cvssV3": 7.8,
    "description": "Local Security Authority Subsystem Service Elevation of Privilege Vulnerability",
    "exploitInKit": false,
    "exploitTypes": Array [],
    "exploitUris": Array [],
    "exploitVerified": false,
    "exposedMachines": 1,
    "id": "CVE-2022-30166",
    "name": "CVE-2022-30166",
    "publicExploit": false,
    "publishedOn": "2022-06-14T00:00:00Z",
    "severity": "High",
    "updatedOn": "2022-06-16T02:32:00Z",
  },
  Object {
    "cvssV3": 7.5,
    "description": "Windows Lightweight Directory Access Protocol (LDAP) Remote Code Execution Vulnerability",
    "exploitInKit": false,
    "exploitTypes": Array [],
    "exploitUris": Array [],
    "exploitVerified": false,
    "exposedMachines": 1,
    "id": "CVE-2022-30149",
    "name": "CVE-2022-30149",
    "publicExploit": false,
    "publishedOn": "2022-06-14T00:00:00Z",
    "severity": "High",
    "updatedOn": "2022-06-16T02:32:00Z",
  },
  Object {
    "cvssV3": 7.5,
    "description": "Windows Lightweight Directory Access Protocol (LDAP) Remote Code Execution Vulnerability",
    "exploitInKit": false,
    "exploitTypes": Array [],
    "exploitUris": Array [],
    "exploitVerified": false,
    "exposedMachines": 1,
    "id": "CVE-2022-30139",
    "name": "CVE-2022-30139",
    "publicExploit": false,
    "publishedOn": "2022-06-13T00:00:00Z",
    "severity": "High",
    "updatedOn": "2022-06-16T02:32:00Z",
  },
  Object {
    "cvssV3": 7.1,
    "description": "Windows File History Remote Code Execution Vulnerability",
    "exploitInKit": false,
    "exploitTypes": Array [],
    "exploitUris": Array [],
    "exploitVerified": false,
    "exposedMachines": 1,
    "id": "CVE-2022-30142",
    "name": "CVE-2022-30142",
    "publicExploit": false,
    "publishedOn": "2022-06-13T00:00:00Z",
    "severity": "High",
    "updatedOn": "2022-06-16T02:32:00Z",
  },
  Object {
    "cvssV3": 8.8,
    "description": "Windows Lightweight Directory Access Protocol (LDAP) Remote Code Execution Vulnerability",
    "exploitInKit": false,
    "exploitTypes": Array [],
    "exploitUris": Array [],
    "exploitVerified": false,
    "exposedMachines": 1,
    "id": "CVE-2022-30153",
    "name": "CVE-2022-30153",
    "publicExploit": false,
    "publishedOn": "2022-06-14T00:00:00Z",
    "severity": "High",
    "updatedOn": "2022-06-16T02:32:00Z",
  },
  Object {
    "cvssV3": 5.5,
    "description": "Windows Kernel Information Disclosure Vulnerability",
    "exploitInKit": false,
    "exploitTypes": Array [],
    "exploitUris": Array [],
    "exploitVerified": false,
    "exposedMachines": 1,
    "id": "CVE-2022-30162",
    "name": "CVE-2022-30162",
    "publicExploit": false,
    "publishedOn": "2022-06-13T00:00:00Z",
    "severity": "Medium",
    "updatedOn": "2022-06-16T02:32:00Z",
  },
  Object {
    "cvssV3": 8.8,
    "description": "Windows Kerberos Elevation of Privilege Vulnerability",
    "exploitInKit": false,
    "exploitTypes": Array [],
    "exploitUris": Array [],
    "exploitVerified": false,
    "exposedMachines": 1,
    "id": "CVE-2022-30165",
    "name": "CVE-2022-30165",
    "publicExploit": false,
    "publishedOn": "2022-06-14T00:00:00Z",
    "severity": "High",
    "updatedOn": "2022-06-16T02:32:00Z",
  },
  Object {
    "cvssV3": 5.5,
    "description": "This vulnerability affects the following vendors: Microsoft, Oracle, Centos, Red_Hat, Ubuntu, Debian, Suse, Hp. To view more details about this vulnerability please visit the vendor website.",
    "exploitInKit": false,
    "exploitTypes": Array [],
    "exploitUris": Array [],
    "exploitVerified": false,
    "exposedMachines": 1,
    "id": "CVE-2022-21127",
    "name": "CVE-2022-21127",
    "publicExploit": false,
    "publishedOn": "2022-06-14T00:00:00Z",
    "severity": "Medium",
    "updatedOn": "2022-06-22T00:00:00Z",
  },
  Object {
    "cvssV3": 7.8,
    "description": "Windows Installer Elevation of Privilege Vulnerability",
    "exploitInKit": false,
    "exploitTypes": Array [],
    "exploitUris": Array [],
    "exploitVerified": false,
    "exposedMachines": 1,
    "id": "CVE-2022-30147",
    "name": "CVE-2022-30147",
    "publicExploit": false,
    "publishedOn": "2022-06-14T00:00:00Z",
    "severity": "High",
    "updatedOn": "2022-06-16T02:32:00Z",
  },
  Object {
    "cvssV3": 7.5,
    "description": "Windows Lightweight Directory Access Protocol (LDAP) Remote Code Execution Vulnerability",
    "exploitInKit": false,
    "exploitTypes": Array [],
    "exploitUris": Array [],
    "exploitVerified": false,
    "exposedMachines": 1,
    "id": "CVE-2022-30143",
    "name": "CVE-2022-30143",
    "publicExploit": false,
    "publishedOn": "2022-06-14T00:00:00Z",
    "severity": "High",
    "updatedOn": "2022-06-16T02:32:00Z",
  },
  Object {
    "cvssV3": 6.1,
    "description": "This vulnerability affects the following vendors: Microsoft, Oracle, Centos, Red_Hat, Debian, Suse, Hp. To view more details about this vulnerability please visit the vendor website.",
    "exploitInKit": false,
    "exploitTypes": Array [],
    "exploitUris": Array [],
    "exploitVerified": false,
    "exposedMachines": 1,
    "id": "CVE-2022-21123",
    "name": "CVE-2022-21123",
    "publicExploit": false,
    "publishedOn": "2022-06-14T00:00:00Z",
    "severity": "Medium",
    "updatedOn": "2022-06-22T00:00:00Z",
  },
  Object {
    "cvssV3": 7.8,
    "description": "Windows Advanced Local Procedure Call Elevation of Privilege Vulnerability",
    "exploitInKit": false,
    "exploitTypes": Array [],
    "exploitUris": Array [],
    "exploitVerified": false,
    "exposedMachines": 1,
    "id": "CVE-2022-30160",
    "name": "CVE-2022-30160",
    "publicExploit": false,
    "publishedOn": "2022-06-14T00:00:00Z",
    "severity": "High",
    "updatedOn": "2022-06-16T02:32:00Z",
  },
  Object {
    "cvssV3": 8.4,
    "description": "Kerberos AppContainer Security Feature Bypass Vulnerability",
    "exploitInKit": false,
    "exploitTypes": Array [],
    "exploitUris": Array [],
    "exploitVerified": false,
    "exposedMachines": 1,
    "id": "CVE-2022-30164",
    "name": "CVE-2022-30164",
    "publicExploit": false,
    "publishedOn": "2022-06-14T00:00:00Z",
    "severity": "High",
    "updatedOn": "2022-06-16T02:32:00Z",
  },
  Object {
    "cvssV3": 6.5,
    "description": "This vulnerability affects the following vendors: Google, Microsoft, Ubuntu, Debian. To view more details about this vulnerability please visit the vendor website.",
    "exploitInKit": false,
    "exploitTypes": Array [],
    "exploitUris": Array [],
    "exploitVerified": false,
    "exposedMachines": 1,
    "id": "CVE-2022-2010",
    "name": "CVE-2022-2010",
    "publicExploit": false,
    "publishedOn": "2022-06-09T00:00:00Z",
    "severity": "Medium",
    "updatedOn": "2022-06-14T01:04:00Z",
  },
  Object {
    "cvssV3": 8.8,
    "description": "This vulnerability affects the following vendors: Google, Microsoft, Ubuntu, Debian. To view more details about this vulnerability please visit the vendor website.",
    "exploitInKit": false,
    "exploitTypes": Array [],
    "exploitUris": Array [],
    "exploitVerified": false,
    "exposedMachines": 1,
    "id": "CVE-2022-2007",
    "name": "CVE-2022-2007",
    "publicExploit": false,
    "publishedOn": "2022-06-09T00:00:00Z",
    "severity": "High",
    "updatedOn": "2022-06-14T01:04:00Z",
  },
  Object {
    "cvssV3": 7.5,
    "description": "Windows Defender Remote Credential Guard Elevation of Privilege Vulnerability",
    "exploitInKit": false,
    "exploitTypes": Array [],
    "exploitUris": Array [],
    "exploitVerified": false,
    "exposedMachines": 1,
    "id": "CVE-2022-30150",
    "name": "CVE-2022-30150",
    "publicExploit": false,
    "publishedOn": "2022-06-14T00:00:00Z",
    "severity": "High",
    "updatedOn": "2022-06-16T02:32:00Z",
  },
  Object {
    "cvssV3": 8.1,
    "description": "Windows Lightweight Directory Access Protocol (LDAP) Remote Code Execution Vulnerability",
    "exploitInKit": false,
    "exploitTypes": Array [],
    "exploitUris": Array [],
    "exploitVerified": false,
    "exposedMachines": 1,
    "id": "CVE-2022-30141",
    "name": "CVE-2022-30141",
    "publicExploit": false,
    "publishedOn": "2022-06-14T00:00:00Z",
    "severity": "High",
    "updatedOn": "2022-06-16T02:32:00Z",
  },
  Object {
    "cvssV3": 8.8,
    "description": "This vulnerability affects the following vendors: Google, Microsoft, Ubuntu, Debian. To view more details about this vulnerability please visit the vendor website.",
    "exploitInKit": false,
    "exploitTypes": Array [],
    "exploitUris": Array [],
    "exploitVerified": false,
    "exposedMachines": 1,
    "id": "CVE-2022-2008",
    "name": "CVE-2022-2008",
    "publicExploit": false,
    "publishedOn": "2022-06-09T00:00:00Z",
    "severity": "High",
    "updatedOn": "2022-06-14T01:04:00Z",
  },
  Object {
    "cvssV3": 7.5,
    "description": "Windows Lightweight Directory Access Protocol (LDAP) Remote Code Execution Vulnerability",
    "exploitInKit": false,
    "exploitTypes": Array [],
    "exploitUris": Array [],
    "exploitVerified": false,
    "exposedMachines": 1,
    "id": "CVE-2022-30146",
    "name": "CVE-2022-30146",
    "publicExploit": false,
    "publishedOn": "2022-06-14T00:00:00Z",
    "severity": "High",
    "updatedOn": "2022-06-16T02:32:00Z",
  },
  Object {
    "cvssV3": 8.8,
    "description": "Windows Lightweight Directory Access Protocol (LDAP) Remote Code Execution Vulnerability",
    "exploitInKit": false,
    "exploitTypes": Array [],
    "exploitUris": Array [],
    "exploitVerified": false,
    "exposedMachines": 1,
    "id": "CVE-2022-30161",
    "name": "CVE-2022-30161",
    "publicExploit": false,
    "publishedOn": "2022-06-13T00:00:00Z",
    "severity": "High",
    "updatedOn": "2022-06-16T02:32:00Z",
  },
  Object {
    "cvssV3": 7.5,
    "description": "Windows Network Address Translation (NAT) Denial of Service Vulnerability",
    "exploitInKit": false,
    "exploitTypes": Array [],
    "exploitUris": Array [],
    "exploitVerified": false,
    "exposedMachines": 1,
    "id": "CVE-2022-30152",
    "name": "CVE-2022-30152",
    "publicExploit": false,
    "publishedOn": "2022-06-14T00:00:00Z",
    "severity": "High",
    "updatedOn": "2022-06-16T02:32:00Z",
  },
  Object {
    "cvssV3": 7.5,
    "description": "Windows Encrypting File System (EFS) Remote Code Execution Vulnerability",
    "exploitInKit": false,
    "exploitTypes": Array [],
    "exploitUris": Array [],
    "exploitVerified": false,
    "exposedMachines": 1,
    "id": "CVE-2022-30145",
    "name": "CVE-2022-30145",
    "publicExploit": false,
    "publishedOn": "2022-06-14T00:00:00Z",
    "severity": "High",
    "updatedOn": "2022-06-16T02:32:00Z",
  },
  Object {
    "cvssV3": 7.8,
    "description": "A remote code execution vulnerability exists when MSDT is called using the URL protocol from a calling application such as Word. An attacker who successfully exploits this vulnerability can run arbitrary code with the privileges of the calling application. The attacker can then install programs, view, change, or delete data, or create new accounts in the context allowed by the user’s rights.Please see the&#160;MSRC Blog Entry for important information about steps you can take to protect your system from this vulnerability.",
    "exploitInKit": false,
    "exploitTypes": Array [
      "Remote",
    ],
    "exploitUris": Array [
      "https://msrc-blog.microsoft.com/2022/05/30/guidance-for-cve-2022-30190-microsoft-support-diagnostic-tool-vulnerability",
      "https://msrc.microsoft.com/update-guide/en-US/vulnerability/CVE-2022-30190",
      "https://www.cisa.gov/known-exploited-vulnerabilities-catalog",
    ],
    "exploitVerified": true,
    "exposedMachines": 1,
    "id": "CVE-2022-30190",
    "name": "CVE-2022-30190",
    "publicExploit": true,
    "publishedOn": "2022-05-30T00:00:00Z",
    "severity": "High",
    "updatedOn": "2022-06-14T07:00:00Z",
  },
  Object {
    "cvssV3": 7.1,
    "description": "Windows iSCSI Discovery Service Remote Code Execution Vulnerability",
    "exploitInKit": false,
    "exploitTypes": Array [],
    "exploitUris": Array [],
    "exploitVerified": false,
    "exposedMachines": 1,
    "id": "CVE-2022-30140",
    "name": "CVE-2022-30140",
    "publicExploit": false,
    "publishedOn": "2022-06-14T00:00:00Z",
    "severity": "High",
    "updatedOn": "2022-06-16T02:32:00Z",
  },
  Object {
    "cvssV3": 5.5,
    "description": "This vulnerability affects the following vendors: Microsoft, Oracle, Centos, Red_Hat, Debian, Suse, Hp. To view more details about this vulnerability please visit the vendor website.",
    "exploitInKit": false,
    "exploitTypes": Array [],
    "exploitUris": Array [],
    "exploitVerified": false,
    "exposedMachines": 1,
    "id": "CVE-2022-21166",
    "name": "CVE-2022-21166",
    "publicExploit": false,
    "publishedOn": "2022-06-14T00:00:00Z",
    "severity": "Medium",
    "updatedOn": "2022-06-22T00:00:00Z",
  },
]
`;
