// Jest Snapshot v1, https://goo.gl/fbAQLP

exports[`fetchMachines Should create an account entity correctly when the machine has the correct permissions 1`] = `
Array [
  Object {
    "aadDeviceId": null,
    "agentVersion": "10.8040.19041.1682",
    "computerDnsName": "testmachine7",
    "defenderAvStatus": "Unknown",
    "deviceValue": "Normal",
    "exposureLevel": "None",
    "firstSeen": "2022-05-30T13:19:04.712Z",
    "healthStatus": "Inactive",
    "id": "660688d26b586b005a90cc148bfb78ed8e55b32b",
    "ipAddresses": Array [
      Object {
        "ipAddress": "10.1.1.196",
        "macAddress": "6045BDB15CEA",
        "operationalStatus": "Up",
        "type": "Ethernet",
      },
      Object {
        "ipAddress": "fe80::653e:a24c:f250:2061",
        "macAddress": "6045BDB15CEA",
        "operationalStatus": "Up",
        "type": "Ethernet",
      },
      Object {
        "ipAddress": "127.0.0.1",
        "macAddress": "",
        "operationalStatus": "Up",
        "type": "SoftwareLoopback",
      },
      Object {
        "ipAddress": "::1",
        "macAddress": "",
        "operationalStatus": "Up",
        "type": "SoftwareLoopback",
      },
    ],
    "isAadJoined": false,
    "lastExternalIpAddress": "20.96.12.95",
    "lastIpAddress": "10.1.1.196",
    "lastSeen": "2022-05-31T13:35:10.3844291Z",
    "machineTags": Array [
      "evaluation",
    ],
    "managedBy": "Unknown",
    "managedByStatus": "Unknown",
    "onboardingStatus": "Onboarded",
    "osArchitecture": "64-bit",
    "osBuild": 19043,
    "osPlatform": "Windows10",
    "osProcessor": "x64",
    "osVersion": null,
    "rbacGroupId": 74,
    "rbacGroupName": "Group1",
    "riskScore": "None",
    "version": "21H1",
    "vmMetadata": Object {
      "cloudProvider": "Azure",
      "resourceId": "/subscriptions/1b922e46-8595-4749-997a-1205e714cd91/resourceGroups/evaluation_6ffb670de54e4ced906d4b4603a8fec2_7/providers/Microsoft.Compute/virtualMachines/TestMachine7",
      "subscriptionId": "1b922e46-8595-4749-997a-1205e714cd91",
      "vmId": "9a4db075-96ef-40d4-81a3-9c7121ac70f7",
    },
  },
  Object {
    "aadDeviceId": null,
    "agentVersion": "10.8040.19041.1682",
    "computerDnsName": "testmachine6",
    "defenderAvStatus": "Unknown",
    "deviceValue": "Normal",
    "exposureLevel": "None",
    "firstSeen": "2022-05-30T13:13:55.761Z",
    "healthStatus": "Inactive",
    "id": "2d3c975f1f287a346920be4caebe01cfa8bcd056",
    "ipAddresses": Array [
      Object {
        "ipAddress": "10.1.1.132",
        "macAddress": "6045BDB15FDA",
        "operationalStatus": "Up",
        "type": "Ethernet",
      },
      Object {
        "ipAddress": "fe80::8d73:f207:5aed:a0d6",
        "macAddress": "6045BDB15FDA",
        "operationalStatus": "Up",
        "type": "Ethernet",
      },
      Object {
        "ipAddress": "127.0.0.1",
        "macAddress": "",
        "operationalStatus": "Up",
        "type": "SoftwareLoopback",
      },
      Object {
        "ipAddress": "::1",
        "macAddress": "",
        "operationalStatus": "Up",
        "type": "SoftwareLoopback",
      },
    ],
    "isAadJoined": false,
    "lastExternalIpAddress": "20.96.11.87",
    "lastIpAddress": "10.1.1.132",
    "lastSeen": "2022-05-31T13:29:38.499844Z",
    "machineTags": Array [
      "evaluation",
    ],
    "managedBy": "Unknown",
    "managedByStatus": "Unknown",
    "onboardingStatus": "Onboarded",
    "osArchitecture": "64-bit",
    "osBuild": 19043,
    "osPlatform": "Windows10",
    "osProcessor": "x64",
    "osVersion": null,
    "rbacGroupId": 74,
    "rbacGroupName": "Group1",
    "riskScore": "None",
    "version": "21H1",
    "vmMetadata": Object {
      "cloudProvider": "Azure",
      "resourceId": "/subscriptions/1b922e46-8595-4749-997a-1205e714cd91/resourceGroups/evaluation_6ffb670de54e4ced906d4b4603a8fec2_6/providers/Microsoft.Compute/virtualMachines/TestMachine6",
      "subscriptionId": "1b922e46-8595-4749-997a-1205e714cd91",
      "vmId": "f281738d-3376-4b37-bcd4-494dde203747",
    },
  },
  Object {
    "aadDeviceId": null,
    "agentVersion": "10.8040.19041.1682",
    "computerDnsName": "testmachine5",
    "defenderAvStatus": "Unknown",
    "deviceValue": "Normal",
    "exposureLevel": "None",
    "firstSeen": "2022-05-25T11:00:54.298Z",
    "healthStatus": "Inactive",
    "id": "e76b865d4bc0c2622547459464020e9e24f51f75",
    "ipAddresses": Array [
      Object {
        "ipAddress": "10.1.1.68",
        "macAddress": "6045BD779FB2",
        "operationalStatus": "Up",
        "type": "Ethernet",
      },
      Object {
        "ipAddress": "fe80::b8ff:9c32:8583:291c",
        "macAddress": "6045BD779FB2",
        "operationalStatus": "Up",
        "type": "Ethernet",
      },
      Object {
        "ipAddress": "127.0.0.1",
        "macAddress": "",
        "operationalStatus": "Up",
        "type": "SoftwareLoopback",
      },
      Object {
        "ipAddress": "::1",
        "macAddress": "",
        "operationalStatus": "Up",
        "type": "SoftwareLoopback",
      },
    ],
    "isAadJoined": false,
    "lastExternalIpAddress": "20.98.213.152",
    "lastIpAddress": "10.1.1.68",
    "lastSeen": "2022-05-26T14:07:45.7980684Z",
    "machineTags": Array [
      "evaluation",
    ],
    "managedBy": "Unknown",
    "managedByStatus": "Unknown",
    "onboardingStatus": "Onboarded",
    "osArchitecture": "64-bit",
    "osBuild": 19043,
    "osPlatform": "Windows10",
    "osProcessor": "x64",
    "osVersion": null,
    "rbacGroupId": 74,
    "rbacGroupName": "Group1",
    "riskScore": "None",
    "version": "21H1",
    "vmMetadata": Object {
      "cloudProvider": "Azure",
      "resourceId": "/subscriptions/1b922e46-8595-4749-997a-1205e714cd91/resourceGroups/evaluation_6ffb670de54e4ced906d4b4603a8fec2_5/providers/Microsoft.Compute/virtualMachines/TestMachine5",
      "subscriptionId": "1b922e46-8595-4749-997a-1205e714cd91",
      "vmId": "20a3fe12-5ca2-4d90-95f5-4db7597c6cad",
    },
  },
  Object {
    "aadDeviceId": null,
    "agentVersion": "10.8040.19041.1682",
    "computerDnsName": "testmachine4",
    "defenderAvStatus": "Unknown",
    "deviceValue": "Normal",
    "exposureLevel": "None",
    "firstSeen": "2022-05-24T07:30:48.837Z",
    "healthStatus": "Inactive",
    "id": "e65e26df266a4e44b581e9554c471cacb5ccf3e1",
    "ipAddresses": Array [
      Object {
        "ipAddress": "10.1.1.4",
        "macAddress": "6045BD842EB1",
        "operationalStatus": "Up",
        "type": "Ethernet",
      },
      Object {
        "ipAddress": "fe80::b912:855d:d164:46f5",
        "macAddress": "6045BD842EB1",
        "operationalStatus": "Up",
        "type": "Ethernet",
      },
      Object {
        "ipAddress": "127.0.0.1",
        "macAddress": "",
        "operationalStatus": "Up",
        "type": "SoftwareLoopback",
      },
      Object {
        "ipAddress": "::1",
        "macAddress": "",
        "operationalStatus": "Up",
        "type": "SoftwareLoopback",
      },
    ],
    "isAadJoined": false,
    "lastExternalIpAddress": "20.230.81.119",
    "lastIpAddress": "10.1.1.4",
    "lastSeen": "2022-05-25T12:06:35.2263843Z",
    "machineTags": Array [
      "evaluation",
    ],
    "managedBy": "Unknown",
    "managedByStatus": "Unknown",
    "onboardingStatus": "Onboarded",
    "osArchitecture": "64-bit",
    "osBuild": 19043,
    "osPlatform": "Windows10",
    "osProcessor": "x64",
    "osVersion": null,
    "rbacGroupId": 74,
    "rbacGroupName": "Group1",
    "riskScore": "High",
    "version": "21H1",
    "vmMetadata": Object {
      "cloudProvider": "Azure",
      "resourceId": "/subscriptions/1b922e46-8595-4749-997a-1205e714cd91/resourceGroups/evaluation_6ffb670de54e4ced906d4b4603a8fec2_4/providers/Microsoft.Compute/virtualMachines/TestMachine4",
      "subscriptionId": "1b922e46-8595-4749-997a-1205e714cd91",
      "vmId": "8937d5e0-a1a7-4510-bbf0-6cacc99d0a66",
    },
  },
  Object {
    "aadDeviceId": "b377a9c3-0d06-4a53-b3cf-252cfd23fe74",
    "agentVersion": "10.8040.19041.1682",
    "computerDnsName": "testmachine3",
    "defenderAvStatus": "Unknown",
    "deviceValue": "Normal",
    "exposureLevel": "None",
    "firstSeen": "2022-05-20T11:33:16.358Z",
    "healthStatus": "Inactive",
    "id": "cce0c83c13e9538915928a03885717c6fd8e178d",
    "ipAddresses": Array [
      Object {
        "ipAddress": "10.1.1.196",
        "macAddress": "6045BD7D56D3",
        "operationalStatus": "Up",
        "type": "Ethernet",
      },
      Object {
        "ipAddress": "fe80::843b:8a29:721a:52ff",
        "macAddress": "6045BD7D56D3",
        "operationalStatus": "Up",
        "type": "Ethernet",
      },
      Object {
        "ipAddress": "127.0.0.1",
        "macAddress": "",
        "operationalStatus": "Up",
        "type": "SoftwareLoopback",
      },
      Object {
        "ipAddress": "::1",
        "macAddress": "",
        "operationalStatus": "Up",
        "type": "SoftwareLoopback",
      },
    ],
    "isAadJoined": true,
    "lastExternalIpAddress": "20.94.80.163",
    "lastIpAddress": "10.1.1.196",
    "lastSeen": "2022-05-23T08:46:12.7382396Z",
    "machineTags": Array [
      "evaluation",
    ],
    "managedBy": "Unknown",
    "managedByStatus": "Unknown",
    "onboardingStatus": "Onboarded",
    "osArchitecture": "64-bit",
    "osBuild": 19043,
    "osPlatform": "Windows10",
    "osProcessor": "x64",
    "osVersion": null,
    "rbacGroupId": 74,
    "rbacGroupName": "Group1",
    "riskScore": "None",
    "version": "21H1",
    "vmMetadata": Object {
      "cloudProvider": "Azure",
      "resourceId": "/subscriptions/1b922e46-8595-4749-997a-1205e714cd91/resourceGroups/evaluation_6ffb670de54e4ced906d4b4603a8fec2_3/providers/Microsoft.Compute/virtualMachines/TestMachine3",
      "subscriptionId": "1b922e46-8595-4749-997a-1205e714cd91",
      "vmId": "d923046f-04ec-4fca-ad54-987d543008f7",
    },
  },
  Object {
    "aadDeviceId": null,
    "agentVersion": "10.8040.19041.1682",
    "computerDnsName": "testmachine2",
    "defenderAvStatus": "Unknown",
    "deviceValue": "Normal",
    "exposureLevel": "None",
    "firstSeen": "2022-05-17T08:26:32.714Z",
    "healthStatus": "Inactive",
    "id": "fe4a18588c91c3fb34ad24142a368d28e33e2ce6",
    "ipAddresses": Array [
      Object {
        "ipAddress": "10.1.1.132",
        "macAddress": "6045BDB28157",
        "operationalStatus": "Up",
        "type": "Ethernet",
      },
      Object {
        "ipAddress": "fe80::68b5:9768:a9d8:2e8",
        "macAddress": "6045BDB28157",
        "operationalStatus": "Up",
        "type": "Ethernet",
      },
      Object {
        "ipAddress": "127.0.0.1",
        "macAddress": "",
        "operationalStatus": "Up",
        "type": "SoftwareLoopback",
      },
      Object {
        "ipAddress": "::1",
        "macAddress": "",
        "operationalStatus": "Up",
        "type": "SoftwareLoopback",
      },
    ],
    "isAadJoined": false,
    "lastExternalIpAddress": "20.109.123.191",
    "lastIpAddress": "10.1.1.132",
    "lastSeen": "2022-05-19T08:57:27.9973539Z",
    "machineTags": Array [
      "evaluation",
    ],
    "managedBy": "Unknown",
    "managedByStatus": "Unknown",
    "onboardingStatus": "Onboarded",
    "osArchitecture": "64-bit",
    "osBuild": 19043,
    "osPlatform": "Windows10",
    "osProcessor": "x64",
    "osVersion": null,
    "rbacGroupId": 74,
    "rbacGroupName": "Group1",
    "riskScore": "None",
    "version": "21H1",
    "vmMetadata": Object {
      "cloudProvider": "Azure",
      "resourceId": "/subscriptions/1b922e46-8595-4749-997a-1205e714cd91/resourceGroups/evaluation_6ffb670de54e4ced906d4b4603a8fec2_2/providers/Microsoft.Compute/virtualMachines/TestMachine2",
      "subscriptionId": "1b922e46-8595-4749-997a-1205e714cd91",
      "vmId": "ef9f015a-f7af-4764-aed1-88b91718eda6",
    },
  },
  Object {
    "aadDeviceId": null,
    "agentVersion": "10.8040.19041.1682",
    "computerDnsName": "testmachine1",
    "defenderAvStatus": "Unknown",
    "deviceValue": "Normal",
    "exposureLevel": "None",
    "firstSeen": "2022-05-17T08:23:16.144Z",
    "healthStatus": "Inactive",
    "id": "f8c2d6c26063babf52bc76979ef22f423387f3b2",
    "ipAddresses": Array [
      Object {
        "ipAddress": "10.1.1.68",
        "macAddress": "6045BDB28CAB",
        "operationalStatus": "Up",
        "type": "Ethernet",
      },
      Object {
        "ipAddress": "fe80::d4ca:d52c:2960:cdca",
        "macAddress": "6045BDB28CAB",
        "operationalStatus": "Up",
        "type": "Ethernet",
      },
      Object {
        "ipAddress": "127.0.0.1",
        "macAddress": "",
        "operationalStatus": "Up",
        "type": "SoftwareLoopback",
      },
      Object {
        "ipAddress": "::1",
        "macAddress": "",
        "operationalStatus": "Up",
        "type": "SoftwareLoopback",
      },
    ],
    "isAadJoined": false,
    "lastExternalIpAddress": "20.242.16.66",
    "lastIpAddress": "10.1.1.68",
    "lastSeen": "2022-05-19T08:38:59.1749659Z",
    "machineTags": Array [
      "evaluation",
    ],
    "managedBy": "Unknown",
    "managedByStatus": "Unknown",
    "onboardingStatus": "Onboarded",
    "osArchitecture": "64-bit",
    "osBuild": 19043,
    "osPlatform": "Windows10",
    "osProcessor": "x64",
    "osVersion": null,
    "rbacGroupId": 74,
    "rbacGroupName": "Group1",
    "riskScore": "High",
    "version": "21H1",
    "vmMetadata": Object {
      "cloudProvider": "Azure",
      "resourceId": "/subscriptions/1b922e46-8595-4749-997a-1205e714cd91/resourceGroups/evaluation_6ffb670de54e4ced906d4b4603a8fec2_1/providers/Microsoft.Compute/virtualMachines/TestMachine1",
      "subscriptionId": "1b922e46-8595-4749-997a-1205e714cd91",
      "vmId": "577df048-008e-44c2-b003-d6ec2e61a972",
    },
  },
]
`;

exports[`machineManagesDevicesRelationships Should create an machine entity correctly when  machine manages devices relationships has the correct permissions 1`] = `
Array [
  Object {
    "aadDeviceId": null,
    "agentVersion": "10.8040.19041.1682",
    "computerDnsName": "testmachine7",
    "defenderAvStatus": "Unknown",
    "deviceValue": "Normal",
    "exposureLevel": "None",
    "firstSeen": "2022-05-30T13:19:04.712Z",
    "healthStatus": "Inactive",
    "id": "660688d26b586b005a90cc148bfb78ed8e55b32b",
    "ipAddresses": Array [
      Object {
        "ipAddress": "10.1.1.196",
        "macAddress": "6045BDB15CEA",
        "operationalStatus": "Up",
        "type": "Ethernet",
      },
      Object {
        "ipAddress": "fe80::653e:a24c:f250:2061",
        "macAddress": "6045BDB15CEA",
        "operationalStatus": "Up",
        "type": "Ethernet",
      },
      Object {
        "ipAddress": "127.0.0.1",
        "macAddress": "",
        "operationalStatus": "Up",
        "type": "SoftwareLoopback",
      },
      Object {
        "ipAddress": "::1",
        "macAddress": "",
        "operationalStatus": "Up",
        "type": "SoftwareLoopback",
      },
    ],
    "isAadJoined": false,
    "lastExternalIpAddress": "20.96.12.95",
    "lastIpAddress": "10.1.1.196",
    "lastSeen": "2022-05-31T13:35:10.3844291Z",
    "machineTags": Array [
      "evaluation",
    ],
    "managedBy": "Unknown",
    "managedByStatus": "Unknown",
    "onboardingStatus": "Onboarded",
    "osArchitecture": "64-bit",
    "osBuild": 19043,
    "osPlatform": "Windows10",
    "osProcessor": "x64",
    "osVersion": null,
    "rbacGroupId": 74,
    "rbacGroupName": "Group1",
    "riskScore": "None",
    "version": "21H1",
    "vmMetadata": Object {
      "cloudProvider": "Azure",
      "resourceId": "/subscriptions/1b922e46-8595-4749-997a-1205e714cd91/resourceGroups/evaluation_6ffb670de54e4ced906d4b4603a8fec2_7/providers/Microsoft.Compute/virtualMachines/TestMachine7",
      "subscriptionId": "1b922e46-8595-4749-997a-1205e714cd91",
      "vmId": "9a4db075-96ef-40d4-81a3-9c7121ac70f7",
    },
  },
  Object {
    "aadDeviceId": null,
    "agentVersion": "10.8040.19041.1682",
    "computerDnsName": "testmachine6",
    "defenderAvStatus": "Unknown",
    "deviceValue": "Normal",
    "exposureLevel": "None",
    "firstSeen": "2022-05-30T13:13:55.761Z",
    "healthStatus": "Inactive",
    "id": "2d3c975f1f287a346920be4caebe01cfa8bcd056",
    "ipAddresses": Array [
      Object {
        "ipAddress": "10.1.1.132",
        "macAddress": "6045BDB15FDA",
        "operationalStatus": "Up",
        "type": "Ethernet",
      },
      Object {
        "ipAddress": "fe80::8d73:f207:5aed:a0d6",
        "macAddress": "6045BDB15FDA",
        "operationalStatus": "Up",
        "type": "Ethernet",
      },
      Object {
        "ipAddress": "127.0.0.1",
        "macAddress": "",
        "operationalStatus": "Up",
        "type": "SoftwareLoopback",
      },
      Object {
        "ipAddress": "::1",
        "macAddress": "",
        "operationalStatus": "Up",
        "type": "SoftwareLoopback",
      },
    ],
    "isAadJoined": false,
    "lastExternalIpAddress": "20.96.11.87",
    "lastIpAddress": "10.1.1.132",
    "lastSeen": "2022-05-31T13:29:38.499844Z",
    "machineTags": Array [
      "evaluation",
    ],
    "managedBy": "Unknown",
    "managedByStatus": "Unknown",
    "onboardingStatus": "Onboarded",
    "osArchitecture": "64-bit",
    "osBuild": 19043,
    "osPlatform": "Windows10",
    "osProcessor": "x64",
    "osVersion": null,
    "rbacGroupId": 74,
    "rbacGroupName": "Group1",
    "riskScore": "None",
    "version": "21H1",
    "vmMetadata": Object {
      "cloudProvider": "Azure",
      "resourceId": "/subscriptions/1b922e46-8595-4749-997a-1205e714cd91/resourceGroups/evaluation_6ffb670de54e4ced906d4b4603a8fec2_6/providers/Microsoft.Compute/virtualMachines/TestMachine6",
      "subscriptionId": "1b922e46-8595-4749-997a-1205e714cd91",
      "vmId": "f281738d-3376-4b37-bcd4-494dde203747",
    },
  },
  Object {
    "aadDeviceId": null,
    "agentVersion": "10.8040.19041.1682",
    "computerDnsName": "testmachine5",
    "defenderAvStatus": "Unknown",
    "deviceValue": "Normal",
    "exposureLevel": "None",
    "firstSeen": "2022-05-25T11:00:54.298Z",
    "healthStatus": "Inactive",
    "id": "e76b865d4bc0c2622547459464020e9e24f51f75",
    "ipAddresses": Array [
      Object {
        "ipAddress": "10.1.1.68",
        "macAddress": "6045BD779FB2",
        "operationalStatus": "Up",
        "type": "Ethernet",
      },
      Object {
        "ipAddress": "fe80::b8ff:9c32:8583:291c",
        "macAddress": "6045BD779FB2",
        "operationalStatus": "Up",
        "type": "Ethernet",
      },
      Object {
        "ipAddress": "127.0.0.1",
        "macAddress": "",
        "operationalStatus": "Up",
        "type": "SoftwareLoopback",
      },
      Object {
        "ipAddress": "::1",
        "macAddress": "",
        "operationalStatus": "Up",
        "type": "SoftwareLoopback",
      },
    ],
    "isAadJoined": false,
    "lastExternalIpAddress": "20.98.213.152",
    "lastIpAddress": "10.1.1.68",
    "lastSeen": "2022-05-26T14:07:45.7980684Z",
    "machineTags": Array [
      "evaluation",
    ],
    "managedBy": "Unknown",
    "managedByStatus": "Unknown",
    "onboardingStatus": "Onboarded",
    "osArchitecture": "64-bit",
    "osBuild": 19043,
    "osPlatform": "Windows10",
    "osProcessor": "x64",
    "osVersion": null,
    "rbacGroupId": 74,
    "rbacGroupName": "Group1",
    "riskScore": "None",
    "version": "21H1",
    "vmMetadata": Object {
      "cloudProvider": "Azure",
      "resourceId": "/subscriptions/1b922e46-8595-4749-997a-1205e714cd91/resourceGroups/evaluation_6ffb670de54e4ced906d4b4603a8fec2_5/providers/Microsoft.Compute/virtualMachines/TestMachine5",
      "subscriptionId": "1b922e46-8595-4749-997a-1205e714cd91",
      "vmId": "20a3fe12-5ca2-4d90-95f5-4db7597c6cad",
    },
  },
  Object {
    "aadDeviceId": null,
    "agentVersion": "10.8040.19041.1682",
    "computerDnsName": "testmachine4",
    "defenderAvStatus": "Unknown",
    "deviceValue": "Normal",
    "exposureLevel": "None",
    "firstSeen": "2022-05-24T07:30:48.837Z",
    "healthStatus": "Inactive",
    "id": "e65e26df266a4e44b581e9554c471cacb5ccf3e1",
    "ipAddresses": Array [
      Object {
        "ipAddress": "10.1.1.4",
        "macAddress": "6045BD842EB1",
        "operationalStatus": "Up",
        "type": "Ethernet",
      },
      Object {
        "ipAddress": "fe80::b912:855d:d164:46f5",
        "macAddress": "6045BD842EB1",
        "operationalStatus": "Up",
        "type": "Ethernet",
      },
      Object {
        "ipAddress": "127.0.0.1",
        "macAddress": "",
        "operationalStatus": "Up",
        "type": "SoftwareLoopback",
      },
      Object {
        "ipAddress": "::1",
        "macAddress": "",
        "operationalStatus": "Up",
        "type": "SoftwareLoopback",
      },
    ],
    "isAadJoined": false,
    "lastExternalIpAddress": "20.230.81.119",
    "lastIpAddress": "10.1.1.4",
    "lastSeen": "2022-05-25T12:06:35.2263843Z",
    "machineTags": Array [
      "evaluation",
    ],
    "managedBy": "Unknown",
    "managedByStatus": "Unknown",
    "onboardingStatus": "Onboarded",
    "osArchitecture": "64-bit",
    "osBuild": 19043,
    "osPlatform": "Windows10",
    "osProcessor": "x64",
    "osVersion": null,
    "rbacGroupId": 74,
    "rbacGroupName": "Group1",
    "riskScore": "High",
    "version": "21H1",
    "vmMetadata": Object {
      "cloudProvider": "Azure",
      "resourceId": "/subscriptions/1b922e46-8595-4749-997a-1205e714cd91/resourceGroups/evaluation_6ffb670de54e4ced906d4b4603a8fec2_4/providers/Microsoft.Compute/virtualMachines/TestMachine4",
      "subscriptionId": "1b922e46-8595-4749-997a-1205e714cd91",
      "vmId": "8937d5e0-a1a7-4510-bbf0-6cacc99d0a66",
    },
  },
  Object {
    "aadDeviceId": "b377a9c3-0d06-4a53-b3cf-252cfd23fe74",
    "agentVersion": "10.8040.19041.1682",
    "computerDnsName": "testmachine3",
    "defenderAvStatus": "Unknown",
    "deviceValue": "Normal",
    "exposureLevel": "None",
    "firstSeen": "2022-05-20T11:33:16.358Z",
    "healthStatus": "Inactive",
    "id": "cce0c83c13e9538915928a03885717c6fd8e178d",
    "ipAddresses": Array [
      Object {
        "ipAddress": "10.1.1.196",
        "macAddress": "6045BD7D56D3",
        "operationalStatus": "Up",
        "type": "Ethernet",
      },
      Object {
        "ipAddress": "fe80::843b:8a29:721a:52ff",
        "macAddress": "6045BD7D56D3",
        "operationalStatus": "Up",
        "type": "Ethernet",
      },
      Object {
        "ipAddress": "127.0.0.1",
        "macAddress": "",
        "operationalStatus": "Up",
        "type": "SoftwareLoopback",
      },
      Object {
        "ipAddress": "::1",
        "macAddress": "",
        "operationalStatus": "Up",
        "type": "SoftwareLoopback",
      },
    ],
    "isAadJoined": true,
    "lastExternalIpAddress": "20.94.80.163",
    "lastIpAddress": "10.1.1.196",
    "lastSeen": "2022-05-23T08:46:12.7382396Z",
    "machineTags": Array [
      "evaluation",
    ],
    "managedBy": "Unknown",
    "managedByStatus": "Unknown",
    "onboardingStatus": "Onboarded",
    "osArchitecture": "64-bit",
    "osBuild": 19043,
    "osPlatform": "Windows10",
    "osProcessor": "x64",
    "osVersion": null,
    "rbacGroupId": 74,
    "rbacGroupName": "Group1",
    "riskScore": "None",
    "version": "21H1",
    "vmMetadata": Object {
      "cloudProvider": "Azure",
      "resourceId": "/subscriptions/1b922e46-8595-4749-997a-1205e714cd91/resourceGroups/evaluation_6ffb670de54e4ced906d4b4603a8fec2_3/providers/Microsoft.Compute/virtualMachines/TestMachine3",
      "subscriptionId": "1b922e46-8595-4749-997a-1205e714cd91",
      "vmId": "d923046f-04ec-4fca-ad54-987d543008f7",
    },
  },
  Object {
    "aadDeviceId": null,
    "agentVersion": "10.8040.19041.1682",
    "computerDnsName": "testmachine2",
    "defenderAvStatus": "Unknown",
    "deviceValue": "Normal",
    "exposureLevel": "None",
    "firstSeen": "2022-05-17T08:26:32.714Z",
    "healthStatus": "Inactive",
    "id": "fe4a18588c91c3fb34ad24142a368d28e33e2ce6",
    "ipAddresses": Array [
      Object {
        "ipAddress": "10.1.1.132",
        "macAddress": "6045BDB28157",
        "operationalStatus": "Up",
        "type": "Ethernet",
      },
      Object {
        "ipAddress": "fe80::68b5:9768:a9d8:2e8",
        "macAddress": "6045BDB28157",
        "operationalStatus": "Up",
        "type": "Ethernet",
      },
      Object {
        "ipAddress": "127.0.0.1",
        "macAddress": "",
        "operationalStatus": "Up",
        "type": "SoftwareLoopback",
      },
      Object {
        "ipAddress": "::1",
        "macAddress": "",
        "operationalStatus": "Up",
        "type": "SoftwareLoopback",
      },
    ],
    "isAadJoined": false,
    "lastExternalIpAddress": "20.109.123.191",
    "lastIpAddress": "10.1.1.132",
    "lastSeen": "2022-05-19T08:57:27.9973539Z",
    "machineTags": Array [
      "evaluation",
    ],
    "managedBy": "Unknown",
    "managedByStatus": "Unknown",
    "onboardingStatus": "Onboarded",
    "osArchitecture": "64-bit",
    "osBuild": 19043,
    "osPlatform": "Windows10",
    "osProcessor": "x64",
    "osVersion": null,
    "rbacGroupId": 74,
    "rbacGroupName": "Group1",
    "riskScore": "None",
    "version": "21H1",
    "vmMetadata": Object {
      "cloudProvider": "Azure",
      "resourceId": "/subscriptions/1b922e46-8595-4749-997a-1205e714cd91/resourceGroups/evaluation_6ffb670de54e4ced906d4b4603a8fec2_2/providers/Microsoft.Compute/virtualMachines/TestMachine2",
      "subscriptionId": "1b922e46-8595-4749-997a-1205e714cd91",
      "vmId": "ef9f015a-f7af-4764-aed1-88b91718eda6",
    },
  },
  Object {
    "aadDeviceId": null,
    "agentVersion": "10.8040.19041.1682",
    "computerDnsName": "testmachine1",
    "defenderAvStatus": "Unknown",
    "deviceValue": "Normal",
    "exposureLevel": "None",
    "firstSeen": "2022-05-17T08:23:16.144Z",
    "healthStatus": "Inactive",
    "id": "f8c2d6c26063babf52bc76979ef22f423387f3b2",
    "ipAddresses": Array [
      Object {
        "ipAddress": "10.1.1.68",
        "macAddress": "6045BDB28CAB",
        "operationalStatus": "Up",
        "type": "Ethernet",
      },
      Object {
        "ipAddress": "fe80::d4ca:d52c:2960:cdca",
        "macAddress": "6045BDB28CAB",
        "operationalStatus": "Up",
        "type": "Ethernet",
      },
      Object {
        "ipAddress": "127.0.0.1",
        "macAddress": "",
        "operationalStatus": "Up",
        "type": "SoftwareLoopback",
      },
      Object {
        "ipAddress": "::1",
        "macAddress": "",
        "operationalStatus": "Up",
        "type": "SoftwareLoopback",
      },
    ],
    "isAadJoined": false,
    "lastExternalIpAddress": "20.242.16.66",
    "lastIpAddress": "10.1.1.68",
    "lastSeen": "2022-05-19T08:38:59.1749659Z",
    "machineTags": Array [
      "evaluation",
    ],
    "managedBy": "Unknown",
    "managedByStatus": "Unknown",
    "onboardingStatus": "Onboarded",
    "osArchitecture": "64-bit",
    "osBuild": 19043,
    "osPlatform": "Windows10",
    "osProcessor": "x64",
    "osVersion": null,
    "rbacGroupId": 74,
    "rbacGroupName": "Group1",
    "riskScore": "High",
    "version": "21H1",
    "vmMetadata": Object {
      "cloudProvider": "Azure",
      "resourceId": "/subscriptions/1b922e46-8595-4749-997a-1205e714cd91/resourceGroups/evaluation_6ffb670de54e4ced906d4b4603a8fec2_1/providers/Microsoft.Compute/virtualMachines/TestMachine1",
      "subscriptionId": "1b922e46-8595-4749-997a-1205e714cd91",
      "vmId": "577df048-008e-44c2-b003-d6ec2e61a972",
    },
  },
]
`;
