// Jest Snapshot v1, https://goo.gl/fbAQLP

exports[`fetchMachines Should create an account entity correctly when the machine has the correct permissions 1`] = `
Array [
  Object {
    "aadDeviceId": null,
    "agentVersion": "10.8040.19041.1741",
    "computerDnsName": "testmachine7",
    "defenderAvStatus": "Unknown",
    "deviceValue": "Normal",
    "exposureLevel": "Low",
    "firstSeen": "2022-06-16T11:56:03.691Z",
    "healthStatus": "Active",
    "id": "5d24ab729b0908dbea9762e1ad5d1a24796993fa",
    "ipAddresses": Array [
      Object {
        "ipAddress": "10.1.1.196",
        "macAddress": "6045BD7E00D9",
        "operationalStatus": "Up",
        "type": "Ethernet",
      },
      Object {
        "ipAddress": "fe80::9b5:bea3:24e8:9234",
        "macAddress": "6045BD7E00D9",
        "operationalStatus": "Up",
        "type": "Ethernet",
      },
      Object {
        "ipAddress": "127.0.0.1",
        "macAddress": "",
        "operationalStatus": "Up",
        "type": "SoftwareLoopback",
      },
      Object {
        "ipAddress": "::1",
        "macAddress": "",
        "operationalStatus": "Up",
        "type": "SoftwareLoopback",
      },
    ],
    "isAadJoined": false,
    "lastExternalIpAddress": "20.110.202.87",
    "lastIpAddress": "10.1.1.196",
    "lastSeen": "2022-06-17T17:38:40.1665425Z",
    "machineTags": Array [
      "evaluation",
    ],
    "managedBy": "Unknown",
    "managedByStatus": "Unknown",
    "onboardingStatus": "Onboarded",
    "osArchitecture": "64-bit",
    "osBuild": 19043,
    "osPlatform": "Windows10",
    "osProcessor": "x64",
    "osVersion": null,
    "rbacGroupId": 0,
    "rbacGroupName": null,
    "riskScore": "None",
    "version": "21H1",
    "vmMetadata": Object {
      "cloudProvider": "Azure",
      "resourceId": "/subscriptions/1b922e46-8595-4749-997a-1205e714cd91/resourceGroups/evaluation_4e3fe48af6474815979f01085dc89b2d_7/providers/Microsoft.Compute/virtualMachines/TestMachine7",
      "subscriptionId": "1b922e46-8595-4749-997a-1205e714cd91",
      "vmId": "5d82f54e-3e1d-4d8e-bae1-c24741bfcb6b",
    },
  },
  Object {
    "aadDeviceId": null,
    "agentVersion": "10.8040.19041.1741",
    "computerDnsName": "testmachine6",
    "defenderAvStatus": "Unknown",
    "deviceValue": "Normal",
    "exposureLevel": "Low",
    "firstSeen": "2022-06-16T11:54:31.844Z",
    "healthStatus": "Active",
    "id": "e24171af134aa11903865df2269b01928d87f508",
    "ipAddresses": Array [
      Object {
        "ipAddress": "10.1.1.132",
        "macAddress": "6045BD7E0F2B",
        "operationalStatus": "Up",
        "type": "Ethernet",
      },
      Object {
        "ipAddress": "fe80::312a:bc32:d672:fdc1",
        "macAddress": "6045BD7E0F2B",
        "operationalStatus": "Up",
        "type": "Ethernet",
      },
      Object {
        "ipAddress": "127.0.0.1",
        "macAddress": "",
        "operationalStatus": "Up",
        "type": "SoftwareLoopback",
      },
      Object {
        "ipAddress": "::1",
        "macAddress": "",
        "operationalStatus": "Up",
        "type": "SoftwareLoopback",
      },
    ],
    "isAadJoined": false,
    "lastExternalIpAddress": "20.69.247.167",
    "lastIpAddress": "10.1.1.132",
    "lastSeen": "2022-06-17T17:34:42.8312457Z",
    "machineTags": Array [
      "evaluation",
    ],
    "managedBy": "Unknown",
    "managedByStatus": "Unknown",
    "onboardingStatus": "Onboarded",
    "osArchitecture": "64-bit",
    "osBuild": 19043,
    "osPlatform": "Windows10",
    "osProcessor": "x64",
    "osVersion": null,
    "rbacGroupId": 0,
    "rbacGroupName": null,
    "riskScore": "None",
    "version": "21H1",
    "vmMetadata": Object {
      "cloudProvider": "Azure",
      "resourceId": "/subscriptions/1b922e46-8595-4749-997a-1205e714cd91/resourceGroups/evaluation_4e3fe48af6474815979f01085dc89b2d_6/providers/Microsoft.Compute/virtualMachines/TestMachine6",
      "subscriptionId": "1b922e46-8595-4749-997a-1205e714cd91",
      "vmId": "05a2909e-b6fb-44c7-8102-7b4e1ab03474",
    },
  },
  Object {
    "aadDeviceId": null,
    "agentVersion": "30.122042.16880.0",
    "computerDnsName": "testserver5",
    "defenderAvStatus": "NotSupported",
    "deviceValue": "Normal",
    "exposureLevel": "Low",
    "firstSeen": "2022-06-15T13:16:57.614Z",
    "healthStatus": "Active",
    "id": "cdb681896a27dedb67308c3ff450167559e720c5",
    "ipAddresses": Array [
      Object {
        "ipAddress": "10.1.1.68",
        "macAddress": "000D3A7CC713",
        "operationalStatus": "Up",
        "type": "Other",
      },
      Object {
        "ipAddress": "fe80::20d:3aff:fe7c:c713",
        "macAddress": "000D3A7CC713",
        "operationalStatus": "Up",
        "type": "Other",
      },
      Object {
        "ipAddress": "127.0.0.1",
        "macAddress": "000000000000",
        "operationalStatus": "Up",
        "type": "Other",
      },
      Object {
        "ipAddress": "::1",
        "macAddress": "000000000000",
        "operationalStatus": "Up",
        "type": "Other",
      },
    ],
    "isAadJoined": false,
    "lastExternalIpAddress": "20.230.6.250",
    "lastIpAddress": "10.1.1.68",
    "lastSeen": "2022-06-17T13:17:06.9168787Z",
    "machineTags": Array [
      "evaluation",
    ],
    "managedBy": "Unknown",
    "managedByStatus": "Unknown",
    "onboardingStatus": "Onboarded",
    "osArchitecture": "64-bit",
    "osBuild": null,
    "osPlatform": "Ubuntu",
    "osProcessor": "x64",
    "osVersion": null,
    "rbacGroupId": 0,
    "rbacGroupName": null,
    "riskScore": "None",
    "version": "18.4",
    "vmMetadata": null,
  },
  Object {
    "aadDeviceId": null,
    "agentVersion": "10.8040.22000.708",
    "computerDnsName": "testmachine4",
    "defenderAvStatus": "NotSupported",
    "deviceValue": "Normal",
    "exposureLevel": "Low",
    "firstSeen": "2022-06-15T13:21:55.859Z",
    "healthStatus": "Active",
    "id": "98d20e5943216ff277d45864a6bdb2385c3349d6",
    "ipAddresses": Array [
      Object {
        "ipAddress": "10.1.1.4",
        "macAddress": "000D3AE5E63B",
        "operationalStatus": "Up",
        "type": "Ethernet",
      },
      Object {
        "ipAddress": "fe80::d1e9:113e:f7eb:ed0b",
        "macAddress": "000D3AE5E63B",
        "operationalStatus": "Up",
        "type": "Ethernet",
      },
      Object {
        "ipAddress": "127.0.0.1",
        "macAddress": "",
        "operationalStatus": "Up",
        "type": "SoftwareLoopback",
      },
      Object {
        "ipAddress": "::1",
        "macAddress": "",
        "operationalStatus": "Up",
        "type": "SoftwareLoopback",
      },
    ],
    "isAadJoined": false,
    "lastExternalIpAddress": "20.7.50.234",
    "lastIpAddress": "10.1.1.4",
    "lastSeen": "2022-06-16T17:17:04.0587651Z",
    "machineTags": Array [
      "evaluation",
    ],
    "managedBy": "Unknown",
    "managedByStatus": "Unknown",
    "onboardingStatus": "Onboarded",
    "osArchitecture": "64-bit",
    "osBuild": 22000,
    "osPlatform": "Windows11",
    "osProcessor": "x64",
    "osVersion": null,
    "rbacGroupId": 0,
    "rbacGroupName": null,
    "riskScore": "None",
    "version": "21H2",
    "vmMetadata": Object {
      "cloudProvider": "Azure",
      "resourceId": "/subscriptions/1b922e46-8595-4749-997a-1205e714cd91/resourceGroups/evaluation_4e3fe48af6474815979f01085dc89b2d_4/providers/Microsoft.Compute/virtualMachines/TestMachine4",
      "subscriptionId": "1b922e46-8595-4749-997a-1205e714cd91",
      "vmId": "85ee7ed9-8c7a-4ddf-bd50-aaafc81cf1b4",
    },
  },
  Object {
    "aadDeviceId": null,
    "agentVersion": "10.8040.19041.1682",
    "computerDnsName": "testmachine3",
    "defenderAvStatus": "Unknown",
    "deviceValue": "Normal",
    "exposureLevel": "High",
    "firstSeen": "2022-06-10T06:07:30.421Z",
    "healthStatus": "Inactive",
    "id": "dce1103ffe2015ba3ee93e0c1acd0cf3b3c1c73f",
    "ipAddresses": Array [
      Object {
        "ipAddress": "10.1.1.196",
        "macAddress": "6045BD84948B",
        "operationalStatus": "Up",
        "type": "Ethernet",
      },
      Object {
        "ipAddress": "fe80::51c6:a4fc:1145:c265",
        "macAddress": "6045BD84948B",
        "operationalStatus": "Up",
        "type": "Ethernet",
      },
      Object {
        "ipAddress": "127.0.0.1",
        "macAddress": "",
        "operationalStatus": "Up",
        "type": "SoftwareLoopback",
      },
      Object {
        "ipAddress": "::1",
        "macAddress": "",
        "operationalStatus": "Up",
        "type": "SoftwareLoopback",
      },
    ],
    "isAadJoined": false,
    "lastExternalIpAddress": "20.122.33.126",
    "lastIpAddress": "10.1.1.196",
    "lastSeen": "2022-06-12T06:23:41.7257883Z",
    "machineTags": Array [
      "evaluation",
    ],
    "managedBy": "Unknown",
    "managedByStatus": "Unknown",
    "onboardingStatus": "Onboarded",
    "osArchitecture": "64-bit",
    "osBuild": 19043,
    "osPlatform": "Windows10",
    "osProcessor": "x64",
    "osVersion": null,
    "rbacGroupId": 0,
    "rbacGroupName": null,
    "riskScore": "None",
    "version": "21H1",
    "vmMetadata": Object {
      "cloudProvider": "Azure",
      "resourceId": "/subscriptions/1b922e46-8595-4749-997a-1205e714cd91/resourceGroups/evaluation_4e3fe48af6474815979f01085dc89b2d_3/providers/Microsoft.Compute/virtualMachines/TestMachine3",
      "subscriptionId": "1b922e46-8595-4749-997a-1205e714cd91",
      "vmId": "f08b27f2-c669-4127-91a2-f5ae13c5540b",
    },
  },
  Object {
    "aadDeviceId": null,
    "agentVersion": "10.8040.19041.1682",
    "computerDnsName": "testmachine2",
    "defenderAvStatus": "Unknown",
    "deviceValue": "Normal",
    "exposureLevel": "High",
    "firstSeen": "2022-06-10T06:07:21.3Z",
    "healthStatus": "Inactive",
    "id": "b13931afe7cab577dd3570f8f9c79bd57ca21c0d",
    "ipAddresses": Array [
      Object {
        "ipAddress": "10.1.1.132",
        "macAddress": "6045BD8499EE",
        "operationalStatus": "Up",
        "type": "Ethernet",
      },
      Object {
        "ipAddress": "fe80::6ce2:f72f:b89d:a7bb",
        "macAddress": "6045BD8499EE",
        "operationalStatus": "Up",
        "type": "Ethernet",
      },
      Object {
        "ipAddress": "127.0.0.1",
        "macAddress": "",
        "operationalStatus": "Up",
        "type": "SoftwareLoopback",
      },
      Object {
        "ipAddress": "::1",
        "macAddress": "",
        "operationalStatus": "Up",
        "type": "SoftwareLoopback",
      },
    ],
    "isAadJoined": false,
    "lastExternalIpAddress": "20.114.226.128",
    "lastIpAddress": "10.1.1.132",
    "lastSeen": "2022-06-12T06:23:28.6268675Z",
    "machineTags": Array [
      "evaluation",
    ],
    "managedBy": "Unknown",
    "managedByStatus": "Unknown",
    "onboardingStatus": "Onboarded",
    "osArchitecture": "64-bit",
    "osBuild": 19043,
    "osPlatform": "Windows10",
    "osProcessor": "x64",
    "osVersion": null,
    "rbacGroupId": 0,
    "rbacGroupName": null,
    "riskScore": "High",
    "version": "21H1",
    "vmMetadata": Object {
      "cloudProvider": "Azure",
      "resourceId": "/subscriptions/1b922e46-8595-4749-997a-1205e714cd91/resourceGroups/evaluation_4e3fe48af6474815979f01085dc89b2d_2/providers/Microsoft.Compute/virtualMachines/TestMachine2",
      "subscriptionId": "1b922e46-8595-4749-997a-1205e714cd91",
      "vmId": "e36008cf-76d9-44bc-81ba-e8c81455685c",
    },
  },
  Object {
    "aadDeviceId": null,
    "agentVersion": "10.8040.19041.1682",
    "computerDnsName": "testmachine1",
    "defenderAvStatus": "Unknown",
    "deviceValue": "Normal",
    "exposureLevel": "High",
    "firstSeen": "2022-06-10T06:07:20.923Z",
    "healthStatus": "Inactive",
    "id": "0c4ccbde5e82eded51a533de002894276ce0617d",
    "ipAddresses": Array [
      Object {
        "ipAddress": "10.1.1.68",
        "macAddress": "6045BD8491AB",
        "operationalStatus": "Up",
        "type": "Ethernet",
      },
      Object {
        "ipAddress": "fe80::18a4:f6ba:a144:7124",
        "macAddress": "6045BD8491AB",
        "operationalStatus": "Up",
        "type": "Ethernet",
      },
      Object {
        "ipAddress": "127.0.0.1",
        "macAddress": "",
        "operationalStatus": "Up",
        "type": "SoftwareLoopback",
      },
      Object {
        "ipAddress": "::1",
        "macAddress": "",
        "operationalStatus": "Up",
        "type": "SoftwareLoopback",
      },
    ],
    "isAadJoined": false,
    "lastExternalIpAddress": "20.242.28.219",
    "lastIpAddress": "10.1.1.68",
    "lastSeen": "2022-06-12T06:23:21.591547Z",
    "machineTags": Array [
      "evaluation",
    ],
    "managedBy": "Unknown",
    "managedByStatus": "Unknown",
    "onboardingStatus": "Onboarded",
    "osArchitecture": "64-bit",
    "osBuild": 19043,
    "osPlatform": "Windows10",
    "osProcessor": "x64",
    "osVersion": null,
    "rbacGroupId": 0,
    "rbacGroupName": null,
    "riskScore": "High",
    "version": "21H1",
    "vmMetadata": Object {
      "cloudProvider": "Azure",
      "resourceId": "/subscriptions/1b922e46-8595-4749-997a-1205e714cd91/resourceGroups/evaluation_4e3fe48af6474815979f01085dc89b2d_1/providers/Microsoft.Compute/virtualMachines/TestMachine1",
      "subscriptionId": "1b922e46-8595-4749-997a-1205e714cd91",
      "vmId": "3295718d-6a07-4a4c-84e3-01c5d46b574d",
    },
  },
]
`;

exports[`machineManagesDevicesRelationships Should create an machine entity correctly when  machine manages devices relationships has the correct permissions 1`] = `
Array [
  Object {
    "aadDeviceId": null,
    "agentVersion": "10.8040.19041.1741",
    "computerDnsName": "testmachine7",
    "defenderAvStatus": "Unknown",
    "deviceValue": "Normal",
    "exposureLevel": "Low",
    "firstSeen": "2022-06-16T11:56:03.691Z",
    "healthStatus": "Active",
    "id": "5d24ab729b0908dbea9762e1ad5d1a24796993fa",
    "ipAddresses": Array [
      Object {
        "ipAddress": "10.1.1.196",
        "macAddress": "6045BD7E00D9",
        "operationalStatus": "Up",
        "type": "Ethernet",
      },
      Object {
        "ipAddress": "fe80::9b5:bea3:24e8:9234",
        "macAddress": "6045BD7E00D9",
        "operationalStatus": "Up",
        "type": "Ethernet",
      },
      Object {
        "ipAddress": "127.0.0.1",
        "macAddress": "",
        "operationalStatus": "Up",
        "type": "SoftwareLoopback",
      },
      Object {
        "ipAddress": "::1",
        "macAddress": "",
        "operationalStatus": "Up",
        "type": "SoftwareLoopback",
      },
    ],
    "isAadJoined": false,
    "lastExternalIpAddress": "20.110.202.87",
    "lastIpAddress": "10.1.1.196",
    "lastSeen": "2022-06-17T17:38:40.1665425Z",
    "machineTags": Array [
      "evaluation",
    ],
    "managedBy": "Unknown",
    "managedByStatus": "Unknown",
    "onboardingStatus": "Onboarded",
    "osArchitecture": "64-bit",
    "osBuild": 19043,
    "osPlatform": "Windows10",
    "osProcessor": "x64",
    "osVersion": null,
    "rbacGroupId": 0,
    "rbacGroupName": null,
    "riskScore": "None",
    "version": "21H1",
    "vmMetadata": Object {
      "cloudProvider": "Azure",
      "resourceId": "/subscriptions/1b922e46-8595-4749-997a-1205e714cd91/resourceGroups/evaluation_4e3fe48af6474815979f01085dc89b2d_7/providers/Microsoft.Compute/virtualMachines/TestMachine7",
      "subscriptionId": "1b922e46-8595-4749-997a-1205e714cd91",
      "vmId": "5d82f54e-3e1d-4d8e-bae1-c24741bfcb6b",
    },
  },
  Object {
    "aadDeviceId": null,
    "agentVersion": "10.8040.19041.1741",
    "computerDnsName": "testmachine6",
    "defenderAvStatus": "Unknown",
    "deviceValue": "Normal",
    "exposureLevel": "Low",
    "firstSeen": "2022-06-16T11:54:31.844Z",
    "healthStatus": "Active",
    "id": "e24171af134aa11903865df2269b01928d87f508",
    "ipAddresses": Array [
      Object {
        "ipAddress": "10.1.1.132",
        "macAddress": "6045BD7E0F2B",
        "operationalStatus": "Up",
        "type": "Ethernet",
      },
      Object {
        "ipAddress": "fe80::312a:bc32:d672:fdc1",
        "macAddress": "6045BD7E0F2B",
        "operationalStatus": "Up",
        "type": "Ethernet",
      },
      Object {
        "ipAddress": "127.0.0.1",
        "macAddress": "",
        "operationalStatus": "Up",
        "type": "SoftwareLoopback",
      },
      Object {
        "ipAddress": "::1",
        "macAddress": "",
        "operationalStatus": "Up",
        "type": "SoftwareLoopback",
      },
    ],
    "isAadJoined": false,
    "lastExternalIpAddress": "20.69.247.167",
    "lastIpAddress": "10.1.1.132",
    "lastSeen": "2022-06-17T17:34:42.8312457Z",
    "machineTags": Array [
      "evaluation",
    ],
    "managedBy": "Unknown",
    "managedByStatus": "Unknown",
    "onboardingStatus": "Onboarded",
    "osArchitecture": "64-bit",
    "osBuild": 19043,
    "osPlatform": "Windows10",
    "osProcessor": "x64",
    "osVersion": null,
    "rbacGroupId": 0,
    "rbacGroupName": null,
    "riskScore": "None",
    "version": "21H1",
    "vmMetadata": Object {
      "cloudProvider": "Azure",
      "resourceId": "/subscriptions/1b922e46-8595-4749-997a-1205e714cd91/resourceGroups/evaluation_4e3fe48af6474815979f01085dc89b2d_6/providers/Microsoft.Compute/virtualMachines/TestMachine6",
      "subscriptionId": "1b922e46-8595-4749-997a-1205e714cd91",
      "vmId": "05a2909e-b6fb-44c7-8102-7b4e1ab03474",
    },
  },
  Object {
    "aadDeviceId": null,
    "agentVersion": "30.122042.16880.0",
    "computerDnsName": "testserver5",
    "defenderAvStatus": "NotSupported",
    "deviceValue": "Normal",
    "exposureLevel": "Low",
    "firstSeen": "2022-06-15T13:16:57.614Z",
    "healthStatus": "Active",
    "id": "cdb681896a27dedb67308c3ff450167559e720c5",
    "ipAddresses": Array [
      Object {
        "ipAddress": "10.1.1.68",
        "macAddress": "000D3A7CC713",
        "operationalStatus": "Up",
        "type": "Other",
      },
      Object {
        "ipAddress": "fe80::20d:3aff:fe7c:c713",
        "macAddress": "000D3A7CC713",
        "operationalStatus": "Up",
        "type": "Other",
      },
      Object {
        "ipAddress": "127.0.0.1",
        "macAddress": "000000000000",
        "operationalStatus": "Up",
        "type": "Other",
      },
      Object {
        "ipAddress": "::1",
        "macAddress": "000000000000",
        "operationalStatus": "Up",
        "type": "Other",
      },
    ],
    "isAadJoined": false,
    "lastExternalIpAddress": "20.230.6.250",
    "lastIpAddress": "10.1.1.68",
    "lastSeen": "2022-06-17T13:17:06.9168787Z",
    "machineTags": Array [
      "evaluation",
    ],
    "managedBy": "Unknown",
    "managedByStatus": "Unknown",
    "onboardingStatus": "Onboarded",
    "osArchitecture": "64-bit",
    "osBuild": null,
    "osPlatform": "Ubuntu",
    "osProcessor": "x64",
    "osVersion": null,
    "rbacGroupId": 0,
    "rbacGroupName": null,
    "riskScore": "None",
    "version": "18.4",
    "vmMetadata": null,
  },
  Object {
    "aadDeviceId": null,
    "agentVersion": "10.8040.22000.708",
    "computerDnsName": "testmachine4",
    "defenderAvStatus": "NotSupported",
    "deviceValue": "Normal",
    "exposureLevel": "Low",
    "firstSeen": "2022-06-15T13:21:55.859Z",
    "healthStatus": "Active",
    "id": "98d20e5943216ff277d45864a6bdb2385c3349d6",
    "ipAddresses": Array [
      Object {
        "ipAddress": "10.1.1.4",
        "macAddress": "000D3AE5E63B",
        "operationalStatus": "Up",
        "type": "Ethernet",
      },
      Object {
        "ipAddress": "fe80::d1e9:113e:f7eb:ed0b",
        "macAddress": "000D3AE5E63B",
        "operationalStatus": "Up",
        "type": "Ethernet",
      },
      Object {
        "ipAddress": "127.0.0.1",
        "macAddress": "",
        "operationalStatus": "Up",
        "type": "SoftwareLoopback",
      },
      Object {
        "ipAddress": "::1",
        "macAddress": "",
        "operationalStatus": "Up",
        "type": "SoftwareLoopback",
      },
    ],
    "isAadJoined": false,
    "lastExternalIpAddress": "20.7.50.234",
    "lastIpAddress": "10.1.1.4",
    "lastSeen": "2022-06-16T17:17:04.0587651Z",
    "machineTags": Array [
      "evaluation",
    ],
    "managedBy": "Unknown",
    "managedByStatus": "Unknown",
    "onboardingStatus": "Onboarded",
    "osArchitecture": "64-bit",
    "osBuild": 22000,
    "osPlatform": "Windows11",
    "osProcessor": "x64",
    "osVersion": null,
    "rbacGroupId": 0,
    "rbacGroupName": null,
    "riskScore": "None",
    "version": "21H2",
    "vmMetadata": Object {
      "cloudProvider": "Azure",
      "resourceId": "/subscriptions/1b922e46-8595-4749-997a-1205e714cd91/resourceGroups/evaluation_4e3fe48af6474815979f01085dc89b2d_4/providers/Microsoft.Compute/virtualMachines/TestMachine4",
      "subscriptionId": "1b922e46-8595-4749-997a-1205e714cd91",
      "vmId": "85ee7ed9-8c7a-4ddf-bd50-aaafc81cf1b4",
    },
  },
  Object {
    "aadDeviceId": null,
    "agentVersion": "10.8040.19041.1682",
    "computerDnsName": "testmachine3",
    "defenderAvStatus": "Unknown",
    "deviceValue": "Normal",
    "exposureLevel": "High",
    "firstSeen": "2022-06-10T06:07:30.421Z",
    "healthStatus": "Inactive",
    "id": "dce1103ffe2015ba3ee93e0c1acd0cf3b3c1c73f",
    "ipAddresses": Array [
      Object {
        "ipAddress": "10.1.1.196",
        "macAddress": "6045BD84948B",
        "operationalStatus": "Up",
        "type": "Ethernet",
      },
      Object {
        "ipAddress": "fe80::51c6:a4fc:1145:c265",
        "macAddress": "6045BD84948B",
        "operationalStatus": "Up",
        "type": "Ethernet",
      },
      Object {
        "ipAddress": "127.0.0.1",
        "macAddress": "",
        "operationalStatus": "Up",
        "type": "SoftwareLoopback",
      },
      Object {
        "ipAddress": "::1",
        "macAddress": "",
        "operationalStatus": "Up",
        "type": "SoftwareLoopback",
      },
    ],
    "isAadJoined": false,
    "lastExternalIpAddress": "20.122.33.126",
    "lastIpAddress": "10.1.1.196",
    "lastSeen": "2022-06-12T06:23:41.7257883Z",
    "machineTags": Array [
      "evaluation",
    ],
    "managedBy": "Unknown",
    "managedByStatus": "Unknown",
    "onboardingStatus": "Onboarded",
    "osArchitecture": "64-bit",
    "osBuild": 19043,
    "osPlatform": "Windows10",
    "osProcessor": "x64",
    "osVersion": null,
    "rbacGroupId": 0,
    "rbacGroupName": null,
    "riskScore": "None",
    "version": "21H1",
    "vmMetadata": Object {
      "cloudProvider": "Azure",
      "resourceId": "/subscriptions/1b922e46-8595-4749-997a-1205e714cd91/resourceGroups/evaluation_4e3fe48af6474815979f01085dc89b2d_3/providers/Microsoft.Compute/virtualMachines/TestMachine3",
      "subscriptionId": "1b922e46-8595-4749-997a-1205e714cd91",
      "vmId": "f08b27f2-c669-4127-91a2-f5ae13c5540b",
    },
  },
  Object {
    "aadDeviceId": null,
    "agentVersion": "10.8040.19041.1682",
    "computerDnsName": "testmachine2",
    "defenderAvStatus": "Unknown",
    "deviceValue": "Normal",
    "exposureLevel": "High",
    "firstSeen": "2022-06-10T06:07:21.3Z",
    "healthStatus": "Inactive",
    "id": "b13931afe7cab577dd3570f8f9c79bd57ca21c0d",
    "ipAddresses": Array [
      Object {
        "ipAddress": "10.1.1.132",
        "macAddress": "6045BD8499EE",
        "operationalStatus": "Up",
        "type": "Ethernet",
      },
      Object {
        "ipAddress": "fe80::6ce2:f72f:b89d:a7bb",
        "macAddress": "6045BD8499EE",
        "operationalStatus": "Up",
        "type": "Ethernet",
      },
      Object {
        "ipAddress": "127.0.0.1",
        "macAddress": "",
        "operationalStatus": "Up",
        "type": "SoftwareLoopback",
      },
      Object {
        "ipAddress": "::1",
        "macAddress": "",
        "operationalStatus": "Up",
        "type": "SoftwareLoopback",
      },
    ],
    "isAadJoined": false,
    "lastExternalIpAddress": "20.114.226.128",
    "lastIpAddress": "10.1.1.132",
    "lastSeen": "2022-06-12T06:23:28.6268675Z",
    "machineTags": Array [
      "evaluation",
    ],
    "managedBy": "Unknown",
    "managedByStatus": "Unknown",
    "onboardingStatus": "Onboarded",
    "osArchitecture": "64-bit",
    "osBuild": 19043,
    "osPlatform": "Windows10",
    "osProcessor": "x64",
    "osVersion": null,
    "rbacGroupId": 0,
    "rbacGroupName": null,
    "riskScore": "High",
    "version": "21H1",
    "vmMetadata": Object {
      "cloudProvider": "Azure",
      "resourceId": "/subscriptions/1b922e46-8595-4749-997a-1205e714cd91/resourceGroups/evaluation_4e3fe48af6474815979f01085dc89b2d_2/providers/Microsoft.Compute/virtualMachines/TestMachine2",
      "subscriptionId": "1b922e46-8595-4749-997a-1205e714cd91",
      "vmId": "e36008cf-76d9-44bc-81ba-e8c81455685c",
    },
  },
  Object {
    "aadDeviceId": null,
    "agentVersion": "10.8040.19041.1682",
    "computerDnsName": "testmachine1",
    "defenderAvStatus": "Unknown",
    "deviceValue": "Normal",
    "exposureLevel": "High",
    "firstSeen": "2022-06-10T06:07:20.923Z",
    "healthStatus": "Inactive",
    "id": "0c4ccbde5e82eded51a533de002894276ce0617d",
    "ipAddresses": Array [
      Object {
        "ipAddress": "10.1.1.68",
        "macAddress": "6045BD8491AB",
        "operationalStatus": "Up",
        "type": "Ethernet",
      },
      Object {
        "ipAddress": "fe80::18a4:f6ba:a144:7124",
        "macAddress": "6045BD8491AB",
        "operationalStatus": "Up",
        "type": "Ethernet",
      },
      Object {
        "ipAddress": "127.0.0.1",
        "macAddress": "",
        "operationalStatus": "Up",
        "type": "SoftwareLoopback",
      },
      Object {
        "ipAddress": "::1",
        "macAddress": "",
        "operationalStatus": "Up",
        "type": "SoftwareLoopback",
      },
    ],
    "isAadJoined": false,
    "lastExternalIpAddress": "20.242.28.219",
    "lastIpAddress": "10.1.1.68",
    "lastSeen": "2022-06-12T06:23:21.591547Z",
    "machineTags": Array [
      "evaluation",
    ],
    "managedBy": "Unknown",
    "managedByStatus": "Unknown",
    "onboardingStatus": "Onboarded",
    "osArchitecture": "64-bit",
    "osBuild": 19043,
    "osPlatform": "Windows10",
    "osProcessor": "x64",
    "osVersion": null,
    "rbacGroupId": 0,
    "rbacGroupName": null,
    "riskScore": "High",
    "version": "21H1",
    "vmMetadata": Object {
      "cloudProvider": "Azure",
      "resourceId": "/subscriptions/1b922e46-8595-4749-997a-1205e714cd91/resourceGroups/evaluation_4e3fe48af6474815979f01085dc89b2d_1/providers/Microsoft.Compute/virtualMachines/TestMachine1",
      "subscriptionId": "1b922e46-8595-4749-997a-1205e714cd91",
      "vmId": "3295718d-6a07-4a4c-84e3-01c5d46b574d",
    },
  },
]
`;
