// Jest Snapshot v1, https://goo.gl/fbAQLP

exports[`#fetchAccount 1`] = `
{
  "collectedData": {
    "entity:account": {
      "_class": [
        "Account",
      ],
      "_key": "microsoft_defender_account:local-integration-instance",
      "_rawData": [
        {
          "name": "default",
          "rawData": {
            "organization": {
              "assignedPlans": [
                {
                  "assignedDateTime": "2023-12-15T15:35:49Z",
                  "capabilityStatus": "Enabled",
                  "service": "WindowsAzure",
                  "servicePlanId": "fca3e605-0754-4279-8504-3f1229f29614",
                },
              ],
              "businessPhones": [],
              "city": null,
              "country": null,
              "countryLetterCode": "US",
              "createdDateTime": "2021-09-01T14:59:04Z",
              "defaultUsageLocation": null,
              "deletedDateTime": null,
              "directorySizeQuota": {
                "total": 50000,
                "used": 511,
              },
              "displayName": "JupiterOne Azure Integration Development",
              "id": "19ae0f99-6fc6-444b-bd54-97504efc66ad",
              "isMultipleDataLocationsForServicesEnabled": null,
              "marketingNotificationEmails": [],
              "onPremisesLastSyncDateTime": null,
              "onPremisesSyncEnabled": null,
              "onPremisesSyncStatus": [],
              "partnerTenantType": null,
              "postalCode": null,
              "preferredLanguage": "en",
              "privacyProfile": {
                "contactEmail": "",
                "statementUrl": "",
              },
              "provisionedPlans": [],
              "securityComplianceNotificationMails": [],
              "securityComplianceNotificationPhones": [],
              "state": null,
              "street": null,
              "technicalNotificationMails": [
                "dev-integrations@jupiterone.com",
              ],
              "tenantType": "AAD",
              "verifiedDomains": [
                {
                  "capabilities": "Email, OfficeCommunicationsOnline",
                  "isDefault": true,
                  "isInitial": true,
                  "name": "j1AzureIntegrationDev.onmicrosoft.com",
                  "type": "Managed",
                },
              ],
            },
          },
        },
      ],
      "_type": "microsoft_defender_account",
      "createdOn": undefined,
      "defaultDomain": "j1AzureIntegrationDev.onmicrosoft.com",
      "displayName": "Local Integration",
      "id": "19ae0f99-6fc6-444b-bd54-97504efc66ad",
      "name": "JupiterOne Azure Integration Development",
      "organizationName": "JupiterOne Azure Integration Development",
      "verifiedDomains": [
        "j1AzureIntegrationDev.onmicrosoft.com",
      ],
    },
  },
  "collectedEntities": [
    {
      "_class": [
        "Account",
      ],
      "_key": "microsoft_defender_account:local-integration-instance",
      "_rawData": [
        {
          "name": "default",
          "rawData": {
            "organization": {
              "assignedPlans": [
                {
                  "assignedDateTime": "2023-12-15T15:35:49Z",
                  "capabilityStatus": "Enabled",
                  "service": "WindowsAzure",
                  "servicePlanId": "fca3e605-0754-4279-8504-3f1229f29614",
                },
              ],
              "businessPhones": [],
              "city": null,
              "country": null,
              "countryLetterCode": "US",
              "createdDateTime": "2021-09-01T14:59:04Z",
              "defaultUsageLocation": null,
              "deletedDateTime": null,
              "directorySizeQuota": {
                "total": 50000,
                "used": 511,
              },
              "displayName": "JupiterOne Azure Integration Development",
              "id": "19ae0f99-6fc6-444b-bd54-97504efc66ad",
              "isMultipleDataLocationsForServicesEnabled": null,
              "marketingNotificationEmails": [],
              "onPremisesLastSyncDateTime": null,
              "onPremisesSyncEnabled": null,
              "onPremisesSyncStatus": [],
              "partnerTenantType": null,
              "postalCode": null,
              "preferredLanguage": "en",
              "privacyProfile": {
                "contactEmail": "",
                "statementUrl": "",
              },
              "provisionedPlans": [],
              "securityComplianceNotificationMails": [],
              "securityComplianceNotificationPhones": [],
              "state": null,
              "street": null,
              "technicalNotificationMails": [
                "dev-integrations@jupiterone.com",
              ],
              "tenantType": "AAD",
              "verifiedDomains": [
                {
                  "capabilities": "Email, OfficeCommunicationsOnline",
                  "isDefault": true,
                  "isInitial": true,
                  "name": "j1AzureIntegrationDev.onmicrosoft.com",
                  "type": "Managed",
                },
              ],
            },
          },
        },
      ],
      "_type": "microsoft_defender_account",
      "createdOn": undefined,
      "defaultDomain": "j1AzureIntegrationDev.onmicrosoft.com",
      "displayName": "Local Integration",
      "id": "19ae0f99-6fc6-444b-bd54-97504efc66ad",
      "name": "JupiterOne Azure Integration Development",
      "organizationName": "JupiterOne Azure Integration Development",
      "verifiedDomains": [
        "j1AzureIntegrationDev.onmicrosoft.com",
      ],
    },
  ],
  "collectedRelationships": [],
  "encounteredEntityKeys": Set {
    "microsoft_defender_account:local-integration-instance",
  },
  "encounteredTypes": [
    "microsoft_defender_account",
  ],
}
`;

exports[`#fetchUsers 1`] = `
{
  "collectedData": {},
  "collectedEntities": [
    {
      "_class": [
        "User",
      ],
      "_key": "microsoft_defender_user:eaca2822-9c62-4244-9c01-1818b5c4f98e",
      "_rawData": [
        {
          "name": "default",
          "rawData": {
            "businessPhones": [],
            "displayName": "Adam Pierson",
            "givenName": null,
            "id": "eaca2822-9c62-4244-9c01-1818b5c4f98e",
            "jobTitle": null,
            "mail": null,
            "mobilePhone": null,
            "officeLocation": null,
            "preferredLanguage": null,
            "surname": null,
            "userPrincipalName": "Adam.Pierson@j1AzureIntegrationDev.onmicrosoft.com",
          },
        },
      ],
      "_type": "microsoft_defender_user",
      "active": true,
      "businessPhones": [],
      "createdOn": undefined,
      "displayName": "Adam Pierson",
      "givenName": null,
      "id": "eaca2822-9c62-4244-9c01-1818b5c4f98e",
      "jobTitle": null,
      "mail": null,
      "mobilePhone": null,
      "name": "Adam Pierson",
      "officeLocation": null,
      "preferredLanguage": null,
      "surname": null,
      "userPrincipalName": "Adam.Pierson@j1AzureIntegrationDev.onmicrosoft.com",
      "username": "Adam.Pierson@j1AzureIntegrationDev.onmicrosoft.com",
    },
    {
      "_class": [
        "User",
      ],
      "_key": "microsoft_defender_user:bc6ef7fc-212e-4e35-a26c-a50460cfc266",
      "_rawData": [
        {
          "name": "default",
          "rawData": {
            "businessPhones": [],
            "displayName": "Adam Williams",
            "givenName": null,
            "id": "bc6ef7fc-212e-4e35-a26c-a50460cfc266",
            "jobTitle": null,
            "mail": "adam.williams@jupiterone.com",
            "mobilePhone": null,
            "officeLocation": null,
            "preferredLanguage": null,
            "surname": null,
            "userPrincipalName": "adam.williams_jupiterone.com#EXT#@j1AzureIntegrationDev.onmicrosoft.com",
          },
        },
      ],
      "_type": "microsoft_defender_user",
      "active": true,
      "businessPhones": [],
      "createdOn": undefined,
      "displayName": "Adam Williams",
      "givenName": null,
      "id": "bc6ef7fc-212e-4e35-a26c-a50460cfc266",
      "jobTitle": null,
      "mail": "adam.williams@jupiterone.com",
      "mobilePhone": null,
      "name": "Adam Williams",
      "officeLocation": null,
      "preferredLanguage": null,
      "surname": null,
      "userPrincipalName": "adam.williams_jupiterone.com#EXT#@j1AzureIntegrationDev.onmicrosoft.com",
      "username": "adam.williams_jupiterone.com#EXT#@j1AzureIntegrationDev.onmicrosoft.com",
    },
    {
      "_class": [
        "User",
      ],
      "_key": "microsoft_defender_user:38d4b262-f887-4942-914a-aba6c524f49c",
      "_rawData": [
        {
          "name": "default",
          "rawData": {
            "businessPhones": [],
            "displayName": "akash.ganapathi@jupiterone.com",
            "givenName": null,
            "id": "38d4b262-f887-4942-914a-aba6c524f49c",
            "jobTitle": null,
            "mail": "akash.ganapathi@jupiterone.com",
            "mobilePhone": null,
            "officeLocation": null,
            "preferredLanguage": null,
            "surname": null,
            "userPrincipalName": "akash.ganapathi_jupiterone.com#EXT#@j1AzureIntegrationDev.onmicrosoft.com",
          },
        },
      ],
      "_type": "microsoft_defender_user",
      "active": true,
      "businessPhones": [],
      "createdOn": undefined,
      "displayName": "akash.ganapathi@jupiterone.com",
      "givenName": null,
      "id": "38d4b262-f887-4942-914a-aba6c524f49c",
      "jobTitle": null,
      "mail": "akash.ganapathi@jupiterone.com",
      "mobilePhone": null,
      "name": "akash.ganapathi@jupiterone.com",
      "officeLocation": null,
      "preferredLanguage": null,
      "surname": null,
      "userPrincipalName": "akash.ganapathi_jupiterone.com#EXT#@j1AzureIntegrationDev.onmicrosoft.com",
      "username": "akash.ganapathi_jupiterone.com#EXT#@j1AzureIntegrationDev.onmicrosoft.com",
    },
    {
      "_class": [
        "User",
      ],
      "_key": "microsoft_defender_user:7457c5f2-5cb6-4042-ab02-91f27dd3f7f0",
      "_rawData": [
        {
          "name": "default",
          "rawData": {
            "businessPhones": [],
            "displayName": "Austin Kelleher",
            "givenName": null,
            "id": "7457c5f2-5cb6-4042-ab02-91f27dd3f7f0",
            "jobTitle": null,
            "mail": "austin.kelleher@jupiterone.com",
            "mobilePhone": null,
            "officeLocation": null,
            "preferredLanguage": null,
            "surname": null,
            "userPrincipalName": "austin.kelleher_jupiterone.com#EXT#@j1AzureIntegrationDev.onmicrosoft.com",
          },
        },
      ],
      "_type": "microsoft_defender_user",
      "active": true,
      "businessPhones": [],
      "createdOn": undefined,
      "displayName": "Austin Kelleher",
      "givenName": null,
      "id": "7457c5f2-5cb6-4042-ab02-91f27dd3f7f0",
      "jobTitle": null,
      "mail": "austin.kelleher@jupiterone.com",
      "mobilePhone": null,
      "name": "Austin Kelleher",
      "officeLocation": null,
      "preferredLanguage": null,
      "surname": null,
      "userPrincipalName": "austin.kelleher_jupiterone.com#EXT#@j1AzureIntegrationDev.onmicrosoft.com",
      "username": "austin.kelleher_jupiterone.com#EXT#@j1AzureIntegrationDev.onmicrosoft.com",
    },
    {
      "_class": [
        "User",
      ],
      "_key": "microsoft_defender_user:72a150de-0ad9-428d-bb4b-8c5319307b75",
      "_rawData": [
        {
          "name": "default",
          "rawData": {
            "businessPhones": [],
            "displayName": "bharat kumavat",
            "givenName": null,
            "id": "72a150de-0ad9-428d-bb4b-8c5319307b75",
            "jobTitle": null,
            "mail": "bharat.kumavat@metronlabs.com",
            "mobilePhone": null,
            "officeLocation": null,
            "preferredLanguage": null,
            "surname": null,
            "userPrincipalName": "bharat.kumavat_metronlabs.com#EXT#@j1AzureIntegrationDev.onmicrosoft.com",
          },
        },
      ],
      "_type": "microsoft_defender_user",
      "active": true,
      "businessPhones": [],
      "createdOn": undefined,
      "displayName": "bharat kumavat",
      "givenName": null,
      "id": "72a150de-0ad9-428d-bb4b-8c5319307b75",
      "jobTitle": null,
      "mail": "bharat.kumavat@metronlabs.com",
      "mobilePhone": null,
      "name": "bharat kumavat",
      "officeLocation": null,
      "preferredLanguage": null,
      "surname": null,
      "userPrincipalName": "bharat.kumavat_metronlabs.com#EXT#@j1AzureIntegrationDev.onmicrosoft.com",
      "username": "bharat.kumavat_metronlabs.com#EXT#@j1AzureIntegrationDev.onmicrosoft.com",
    },
    {
      "_class": [
        "User",
      ],
      "_key": "microsoft_defender_user:f5b18ee5-3045-48e1-bf82-704297ca84cd",
      "_rawData": [
        {
          "name": "default",
          "rawData": {
            "businessPhones": [],
            "displayName": "Brendan Quinn",
            "givenName": null,
            "id": "f5b18ee5-3045-48e1-bf82-704297ca84cd",
            "jobTitle": null,
            "mail": "brendan.quinn@jupiterone.com",
            "mobilePhone": null,
            "officeLocation": null,
            "preferredLanguage": null,
            "surname": null,
            "userPrincipalName": "brendan.quinn_jupiterone.com#EXT#@j1AzureIntegrationDev.onmicrosoft.com",
          },
        },
      ],
      "_type": "microsoft_defender_user",
      "active": true,
      "businessPhones": [],
      "createdOn": undefined,
      "displayName": "Brendan Quinn",
      "givenName": null,
      "id": "f5b18ee5-3045-48e1-bf82-704297ca84cd",
      "jobTitle": null,
      "mail": "brendan.quinn@jupiterone.com",
      "mobilePhone": null,
      "name": "Brendan Quinn",
      "officeLocation": null,
      "preferredLanguage": null,
      "surname": null,
      "userPrincipalName": "brendan.quinn_jupiterone.com#EXT#@j1AzureIntegrationDev.onmicrosoft.com",
      "username": "brendan.quinn_jupiterone.com#EXT#@j1AzureIntegrationDev.onmicrosoft.com",
    },
    {
      "_class": [
        "User",
      ],
      "_key": "microsoft_defender_user:9316f8bc-47b3-45d9-8808-dd02049b09e8",
      "_rawData": [
        {
          "name": "default",
          "rawData": {
            "businessPhones": [],
            "displayName": "Brian Skrocki",
            "givenName": "Brian",
            "id": "9316f8bc-47b3-45d9-8808-dd02049b09e8",
            "jobTitle": null,
            "mail": "brian.skrocki@jupiterone.com",
            "mobilePhone": null,
            "officeLocation": null,
            "preferredLanguage": null,
            "surname": "Skrocki",
            "userPrincipalName": "brian.skrocki_jupiterone.com#EXT#@j1AzureIntegrationDev.onmicrosoft.com",
          },
        },
      ],
      "_type": "microsoft_defender_user",
      "active": true,
      "businessPhones": [],
      "createdOn": undefined,
      "displayName": "Brian Skrocki",
      "givenName": "Brian",
      "id": "9316f8bc-47b3-45d9-8808-dd02049b09e8",
      "jobTitle": null,
      "mail": "brian.skrocki@jupiterone.com",
      "mobilePhone": null,
      "name": "Brian Skrocki",
      "officeLocation": null,
      "preferredLanguage": null,
      "surname": "Skrocki",
      "userPrincipalName": "brian.skrocki_jupiterone.com#EXT#@j1AzureIntegrationDev.onmicrosoft.com",
      "username": "brian.skrocki_jupiterone.com#EXT#@j1AzureIntegrationDev.onmicrosoft.com",
    },
    {
      "_class": [
        "User",
      ],
      "_key": "microsoft_defender_user:54fa634f-5fdf-488a-897c-b6ff0e04e90b",
      "_rawData": [
        {
          "name": "default",
          "rawData": {
            "businessPhones": [],
            "displayName": "Cameron Griffin",
            "givenName": null,
            "id": "54fa634f-5fdf-488a-897c-b6ff0e04e90b",
            "jobTitle": null,
            "mail": null,
            "mobilePhone": null,
            "officeLocation": null,
            "preferredLanguage": null,
            "surname": null,
            "userPrincipalName": "cameron.griffin@j1AzureIntegrationDev.onmicrosoft.com",
          },
        },
      ],
      "_type": "microsoft_defender_user",
      "active": true,
      "businessPhones": [],
      "createdOn": undefined,
      "displayName": "Cameron Griffin",
      "givenName": null,
      "id": "54fa634f-5fdf-488a-897c-b6ff0e04e90b",
      "jobTitle": null,
      "mail": null,
      "mobilePhone": null,
      "name": "Cameron Griffin",
      "officeLocation": null,
      "preferredLanguage": null,
      "surname": null,
      "userPrincipalName": "cameron.griffin@j1AzureIntegrationDev.onmicrosoft.com",
      "username": "cameron.griffin@j1AzureIntegrationDev.onmicrosoft.com",
    },
    {
      "_class": [
        "User",
      ],
      "_key": "microsoft_defender_user:b75fe5cd-2831-4a6f-a0ff-0f900f38308e",
      "_rawData": [
        {
          "name": "default",
          "rawData": {
            "businessPhones": [],
            "displayName": "Christopher Larson",
            "givenName": "Christopher",
            "id": "b75fe5cd-2831-4a6f-a0ff-0f900f38308e",
            "jobTitle": null,
            "mail": "christopher.larson@jupiterone.com",
            "mobilePhone": null,
            "officeLocation": null,
            "preferredLanguage": null,
            "surname": "Larson",
            "userPrincipalName": "christopher.larson_jupiterone.com#EXT#@j1AzureIntegrationDev.onmicrosoft.com",
          },
        },
      ],
      "_type": "microsoft_defender_user",
      "active": true,
      "businessPhones": [],
      "createdOn": undefined,
      "displayName": "Christopher Larson",
      "givenName": "Christopher",
      "id": "b75fe5cd-2831-4a6f-a0ff-0f900f38308e",
      "jobTitle": null,
      "mail": "christopher.larson@jupiterone.com",
      "mobilePhone": null,
      "name": "Christopher Larson",
      "officeLocation": null,
      "preferredLanguage": null,
      "surname": "Larson",
      "userPrincipalName": "christopher.larson_jupiterone.com#EXT#@j1AzureIntegrationDev.onmicrosoft.com",
      "username": "christopher.larson_jupiterone.com#EXT#@j1AzureIntegrationDev.onmicrosoft.com",
    },
    {
      "_class": [
        "User",
      ],
      "_key": "microsoft_defender_user:d181659d-9df5-4a9b-8f11-1bc7bcdcc68e",
      "_rawData": [
        {
          "name": "default",
          "rawData": {
            "businessPhones": [],
            "displayName": "crystal.ramirez",
            "givenName": null,
            "id": "d181659d-9df5-4a9b-8f11-1bc7bcdcc68e",
            "jobTitle": null,
            "mail": "crystal.ramirez@jupiterone.com",
            "mobilePhone": null,
            "officeLocation": null,
            "preferredLanguage": null,
            "surname": null,
            "userPrincipalName": "crystal.ramirez_jupiterone.com#EXT#@j1AzureIntegrationDev.onmicrosoft.com",
          },
        },
      ],
      "_type": "microsoft_defender_user",
      "active": true,
      "businessPhones": [],
      "createdOn": undefined,
      "displayName": "crystal.ramirez",
      "givenName": null,
      "id": "d181659d-9df5-4a9b-8f11-1bc7bcdcc68e",
      "jobTitle": null,
      "mail": "crystal.ramirez@jupiterone.com",
      "mobilePhone": null,
      "name": "crystal.ramirez",
      "officeLocation": null,
      "preferredLanguage": null,
      "surname": null,
      "userPrincipalName": "crystal.ramirez_jupiterone.com#EXT#@j1AzureIntegrationDev.onmicrosoft.com",
      "username": "crystal.ramirez_jupiterone.com#EXT#@j1AzureIntegrationDev.onmicrosoft.com",
    },
    {
      "_class": [
        "User",
      ],
      "_key": "microsoft_defender_user:25df1070-8f10-41b1-99d2-f5c748d6ec1a",
      "_rawData": [
        {
          "name": "default",
          "rawData": {
            "businessPhones": [],
            "displayName": "Diane Cash",
            "givenName": "Diane",
            "id": "25df1070-8f10-41b1-99d2-f5c748d6ec1a",
            "jobTitle": null,
            "mail": "diane.cash@jupiterone.com",
            "mobilePhone": null,
            "officeLocation": null,
            "preferredLanguage": null,
            "surname": "Cash",
            "userPrincipalName": "diane.cash_jupiterone.com#EXT#@j1AzureIntegrationDev.onmicrosoft.com",
          },
        },
      ],
      "_type": "microsoft_defender_user",
      "active": true,
      "businessPhones": [],
      "createdOn": undefined,
      "displayName": "Diane Cash",
      "givenName": "Diane",
      "id": "25df1070-8f10-41b1-99d2-f5c748d6ec1a",
      "jobTitle": null,
      "mail": "diane.cash@jupiterone.com",
      "mobilePhone": null,
      "name": "Diane Cash",
      "officeLocation": null,
      "preferredLanguage": null,
      "surname": "Cash",
      "userPrincipalName": "diane.cash_jupiterone.com#EXT#@j1AzureIntegrationDev.onmicrosoft.com",
      "username": "diane.cash_jupiterone.com#EXT#@j1AzureIntegrationDev.onmicrosoft.com",
    },
    {
      "_class": [
        "User",
      ],
      "_key": "microsoft_defender_user:12ae1413-2bfd-4adb-9cfc-e9a342b3e908",
      "_rawData": [
        {
          "name": "default",
          "rawData": {
            "businessPhones": [],
            "displayName": "Emily Dreyer",
            "givenName": null,
            "id": "12ae1413-2bfd-4adb-9cfc-e9a342b3e908",
            "jobTitle": null,
            "mail": "emily.dreyer@jupiterone.com",
            "mobilePhone": null,
            "officeLocation": null,
            "preferredLanguage": null,
            "surname": null,
            "userPrincipalName": "emily.dreyer_jupiterone.com#EXT#@j1AzureIntegrationDev.onmicrosoft.com",
          },
        },
      ],
      "_type": "microsoft_defender_user",
      "active": true,
      "businessPhones": [],
      "createdOn": undefined,
      "displayName": "Emily Dreyer",
      "givenName": null,
      "id": "12ae1413-2bfd-4adb-9cfc-e9a342b3e908",
      "jobTitle": null,
      "mail": "emily.dreyer@jupiterone.com",
      "mobilePhone": null,
      "name": "Emily Dreyer",
      "officeLocation": null,
      "preferredLanguage": null,
      "surname": null,
      "userPrincipalName": "emily.dreyer_jupiterone.com#EXT#@j1AzureIntegrationDev.onmicrosoft.com",
      "username": "emily.dreyer_jupiterone.com#EXT#@j1AzureIntegrationDev.onmicrosoft.com",
    },
    {
      "_class": [
        "User",
      ],
      "_key": "microsoft_defender_user:76e41313-7903-422b-b3a8-6f83e7113fe9",
      "_rawData": [
        {
          "name": "default",
          "rawData": {
            "businessPhones": [],
            "displayName": "Erica Nagle",
            "givenName": null,
            "id": "76e41313-7903-422b-b3a8-6f83e7113fe9",
            "jobTitle": null,
            "mail": null,
            "mobilePhone": null,
            "officeLocation": null,
            "preferredLanguage": null,
            "surname": null,
            "userPrincipalName": "erica.nagle@j1AzureIntegrationDev.onmicrosoft.com",
          },
        },
      ],
      "_type": "microsoft_defender_user",
      "active": true,
      "businessPhones": [],
      "createdOn": undefined,
      "displayName": "Erica Nagle",
      "givenName": null,
      "id": "76e41313-7903-422b-b3a8-6f83e7113fe9",
      "jobTitle": null,
      "mail": null,
      "mobilePhone": null,
      "name": "Erica Nagle",
      "officeLocation": null,
      "preferredLanguage": null,
      "surname": null,
      "userPrincipalName": "erica.nagle@j1AzureIntegrationDev.onmicrosoft.com",
      "username": "erica.nagle@j1AzureIntegrationDev.onmicrosoft.com",
    },
    {
      "_class": [
        "User",
      ],
      "_key": "microsoft_defender_user:29c450c9-3e2e-4f8d-9a0d-6111343134ec",
      "_rawData": [
        {
          "name": "default",
          "rawData": {
            "businessPhones": [],
            "displayName": "Erica Nagle",
            "givenName": null,
            "id": "29c450c9-3e2e-4f8d-9a0d-6111343134ec",
            "jobTitle": null,
            "mail": "erica.nagle@jupiterone.com",
            "mobilePhone": null,
            "officeLocation": null,
            "preferredLanguage": null,
            "surname": null,
            "userPrincipalName": "erica.nagle_jupiterone.com#EXT#@j1AzureIntegrationDev.onmicrosoft.com",
          },
        },
      ],
      "_type": "microsoft_defender_user",
      "active": true,
      "businessPhones": [],
      "createdOn": undefined,
      "displayName": "Erica Nagle",
      "givenName": null,
      "id": "29c450c9-3e2e-4f8d-9a0d-6111343134ec",
      "jobTitle": null,
      "mail": "erica.nagle@jupiterone.com",
      "mobilePhone": null,
      "name": "Erica Nagle",
      "officeLocation": null,
      "preferredLanguage": null,
      "surname": null,
      "userPrincipalName": "erica.nagle_jupiterone.com#EXT#@j1AzureIntegrationDev.onmicrosoft.com",
      "username": "erica.nagle_jupiterone.com#EXT#@j1AzureIntegrationDev.onmicrosoft.com",
    },
    {
      "_class": [
        "User",
      ],
      "_key": "microsoft_defender_user:5939ae0f-cb0f-4e1b-97ac-d440f96ed85b",
      "_rawData": [
        {
          "name": "default",
          "rawData": {
            "businessPhones": [],
            "displayName": "Gaston Yelmini",
            "givenName": "Gaston",
            "id": "5939ae0f-cb0f-4e1b-97ac-d440f96ed85b",
            "jobTitle": null,
            "mail": null,
            "mobilePhone": null,
            "officeLocation": null,
            "preferredLanguage": "en-US",
            "surname": "Yelmini",
            "userPrincipalName": "gaston.yelmini@j1AzureIntegrationDev.onmicrosoft.com",
          },
        },
      ],
      "_type": "microsoft_defender_user",
      "active": true,
      "businessPhones": [],
      "createdOn": undefined,
      "displayName": "Gaston Yelmini",
      "givenName": "Gaston",
      "id": "5939ae0f-cb0f-4e1b-97ac-d440f96ed85b",
      "jobTitle": null,
      "mail": null,
      "mobilePhone": null,
      "name": "Gaston Yelmini",
      "officeLocation": null,
      "preferredLanguage": "en-US",
      "surname": "Yelmini",
      "userPrincipalName": "gaston.yelmini@j1AzureIntegrationDev.onmicrosoft.com",
      "username": "gaston.yelmini@j1AzureIntegrationDev.onmicrosoft.com",
    },
    {
      "_class": [
        "User",
      ],
      "_key": "microsoft_defender_user:e31dc0ff-4981-4a63-bcbf-7471574a478c",
      "_rawData": [
        {
          "name": "default",
          "rawData": {
            "businessPhones": [],
            "displayName": "gaston.yelmini",
            "givenName": "Gaston",
            "id": "e31dc0ff-4981-4a63-bcbf-7471574a478c",
            "jobTitle": null,
            "mail": "gaston.yelmini@contractor.jupiterone.com",
            "mobilePhone": null,
            "officeLocation": null,
            "preferredLanguage": null,
            "surname": "Yelmini",
            "userPrincipalName": "gaston.yelmini_contractor.jupiterone.com#EXT#@j1AzureIntegrationDev.onmicrosoft.com",
          },
        },
      ],
      "_type": "microsoft_defender_user",
      "active": true,
      "businessPhones": [],
      "createdOn": undefined,
      "displayName": "gaston.yelmini",
      "givenName": "Gaston",
      "id": "e31dc0ff-4981-4a63-bcbf-7471574a478c",
      "jobTitle": null,
      "mail": "gaston.yelmini@contractor.jupiterone.com",
      "mobilePhone": null,
      "name": "gaston.yelmini",
      "officeLocation": null,
      "preferredLanguage": null,
      "surname": "Yelmini",
      "userPrincipalName": "gaston.yelmini_contractor.jupiterone.com#EXT#@j1AzureIntegrationDev.onmicrosoft.com",
      "username": "gaston.yelmini_contractor.jupiterone.com#EXT#@j1AzureIntegrationDev.onmicrosoft.com",
    },
    {
      "_class": [
        "User",
      ],
      "_key": "microsoft_defender_user:23fc542b-e0e2-4086-b182-47a78d691f0b",
      "_rawData": [
        {
          "name": "default",
          "rawData": {
            "businessPhones": [],
            "displayName": "Gonzalo Avalos Ribas",
            "givenName": null,
            "id": "23fc542b-e0e2-4086-b182-47a78d691f0b",
            "jobTitle": null,
            "mail": "gonzalo.avalos.ribas@contractor.jupiterone.com",
            "mobilePhone": null,
            "officeLocation": null,
            "preferredLanguage": null,
            "surname": null,
            "userPrincipalName": "gonzalo.avalos.ribas_contractor.jupiterone.com#EXT#@j1AzureIntegrationDev.onmicrosoft.com",
          },
        },
      ],
      "_type": "microsoft_defender_user",
      "active": true,
      "businessPhones": [],
      "createdOn": undefined,
      "displayName": "Gonzalo Avalos Ribas",
      "givenName": null,
      "id": "23fc542b-e0e2-4086-b182-47a78d691f0b",
      "jobTitle": null,
      "mail": "gonzalo.avalos.ribas@contractor.jupiterone.com",
      "mobilePhone": null,
      "name": "Gonzalo Avalos Ribas",
      "officeLocation": null,
      "preferredLanguage": null,
      "surname": null,
      "userPrincipalName": "gonzalo.avalos.ribas_contractor.jupiterone.com#EXT#@j1AzureIntegrationDev.onmicrosoft.com",
      "username": "gonzalo.avalos.ribas_contractor.jupiterone.com#EXT#@j1AzureIntegrationDev.onmicrosoft.com",
    },
    {
      "_class": [
        "User",
      ],
      "_key": "microsoft_defender_user:7adf7196-ebb6-400d-a96a-ce4195814c7c",
      "_rawData": [
        {
          "name": "default",
          "rawData": {
            "businessPhones": [],
            "displayName": "Nacho",
            "givenName": null,
            "id": "7adf7196-ebb6-400d-a96a-ce4195814c7c",
            "jobTitle": null,
            "mail": null,
            "mobilePhone": null,
            "officeLocation": null,
            "preferredLanguage": null,
            "surname": null,
            "userPrincipalName": "ignacio.rodriguez@j1AzureIntegrationDev.onmicrosoft.com",
          },
        },
      ],
      "_type": "microsoft_defender_user",
      "active": true,
      "businessPhones": [],
      "createdOn": undefined,
      "displayName": "Nacho",
      "givenName": null,
      "id": "7adf7196-ebb6-400d-a96a-ce4195814c7c",
      "jobTitle": null,
      "mail": null,
      "mobilePhone": null,
      "name": "Nacho",
      "officeLocation": null,
      "preferredLanguage": null,
      "surname": null,
      "userPrincipalName": "ignacio.rodriguez@j1AzureIntegrationDev.onmicrosoft.com",
      "username": "ignacio.rodriguez@j1AzureIntegrationDev.onmicrosoft.com",
    },
    {
      "_class": [
        "User",
      ],
      "_key": "microsoft_defender_user:1c8a44d9-6f81-44c1-8291-496ed27206c4",
      "_rawData": [
        {
          "name": "default",
          "rawData": {
            "businessPhones": [],
            "displayName": "Jacob Dowdy",
            "givenName": "Jacob",
            "id": "1c8a44d9-6f81-44c1-8291-496ed27206c4",
            "jobTitle": null,
            "mail": "jacob.dowdy@jupiterone.com",
            "mobilePhone": null,
            "officeLocation": null,
            "preferredLanguage": null,
            "surname": "Dowdy",
            "userPrincipalName": "jacob.dowdy_jupiterone.com#EXT#@j1AzureIntegrationDev.onmicrosoft.com",
          },
        },
      ],
      "_type": "microsoft_defender_user",
      "active": true,
      "businessPhones": [],
      "createdOn": undefined,
      "displayName": "Jacob Dowdy",
      "givenName": "Jacob",
      "id": "1c8a44d9-6f81-44c1-8291-496ed27206c4",
      "jobTitle": null,
      "mail": "jacob.dowdy@jupiterone.com",
      "mobilePhone": null,
      "name": "Jacob Dowdy",
      "officeLocation": null,
      "preferredLanguage": null,
      "surname": "Dowdy",
      "userPrincipalName": "jacob.dowdy_jupiterone.com#EXT#@j1AzureIntegrationDev.onmicrosoft.com",
      "username": "jacob.dowdy_jupiterone.com#EXT#@j1AzureIntegrationDev.onmicrosoft.com",
    },
    {
      "_class": [
        "User",
      ],
      "_key": "microsoft_defender_user:4e93ce65-5bed-4d52-a4f3-eec8c1a2a42c",
      "_rawData": [
        {
          "name": "default",
          "rawData": {
            "businessPhones": [],
            "displayName": "Jake Ferrero",
            "givenName": null,
            "id": "4e93ce65-5bed-4d52-a4f3-eec8c1a2a42c",
            "jobTitle": null,
            "mail": "jake.ferrero@jupiterone.com",
            "mobilePhone": null,
            "officeLocation": null,
            "preferredLanguage": null,
            "surname": null,
            "userPrincipalName": "jake.ferrero_jupiterone.com#EXT#@j1AzureIntegrationDev.onmicrosoft.com",
          },
        },
      ],
      "_type": "microsoft_defender_user",
      "active": true,
      "businessPhones": [],
      "createdOn": undefined,
      "displayName": "Jake Ferrero",
      "givenName": null,
      "id": "4e93ce65-5bed-4d52-a4f3-eec8c1a2a42c",
      "jobTitle": null,
      "mail": "jake.ferrero@jupiterone.com",
      "mobilePhone": null,
      "name": "Jake Ferrero",
      "officeLocation": null,
      "preferredLanguage": null,
      "surname": null,
      "userPrincipalName": "jake.ferrero_jupiterone.com#EXT#@j1AzureIntegrationDev.onmicrosoft.com",
      "username": "jake.ferrero_jupiterone.com#EXT#@j1AzureIntegrationDev.onmicrosoft.com",
    },
    {
      "_class": [
        "User",
      ],
      "_key": "microsoft_defender_user:570bd94d-5b87-453a-bd97-f8cf073ea0bd",
      "_rawData": [
        {
          "name": "default",
          "rawData": {
            "businessPhones": [],
            "displayName": "Jayson Jensen",
            "givenName": "Jayson",
            "id": "570bd94d-5b87-453a-bd97-f8cf073ea0bd",
            "jobTitle": null,
            "mail": "jayson.jensen@jupiterone.com",
            "mobilePhone": null,
            "officeLocation": null,
            "preferredLanguage": null,
            "surname": "Jensen",
            "userPrincipalName": "jayson.jensen_jupiterone.com#EXT#@j1AzureIntegrationDev.onmicrosoft.com",
          },
        },
      ],
      "_type": "microsoft_defender_user",
      "active": true,
      "businessPhones": [],
      "createdOn": undefined,
      "displayName": "Jayson Jensen",
      "givenName": "Jayson",
      "id": "570bd94d-5b87-453a-bd97-f8cf073ea0bd",
      "jobTitle": null,
      "mail": "jayson.jensen@jupiterone.com",
      "mobilePhone": null,
      "name": "Jayson Jensen",
      "officeLocation": null,
      "preferredLanguage": null,
      "surname": "Jensen",
      "userPrincipalName": "jayson.jensen_jupiterone.com#EXT#@j1AzureIntegrationDev.onmicrosoft.com",
      "username": "jayson.jensen_jupiterone.com#EXT#@j1AzureIntegrationDev.onmicrosoft.com",
    },
    {
      "_class": [
        "User",
      ],
      "_key": "microsoft_defender_user:c5b19a52-94c3-4a47-96d5-7f566c9a880c",
      "_rawData": [
        {
          "name": "default",
          "rawData": {
            "businessPhones": [],
            "displayName": "Jean",
            "givenName": "Roble",
            "id": "c5b19a52-94c3-4a47-96d5-7f566c9a880c",
            "jobTitle": null,
            "mail": null,
            "mobilePhone": null,
            "officeLocation": null,
            "preferredLanguage": null,
            "surname": null,
            "userPrincipalName": "jean.robles@j1azureintegrationdev.onmicrosoft.com",
          },
        },
      ],
      "_type": "microsoft_defender_user",
      "active": true,
      "businessPhones": [],
      "createdOn": undefined,
      "displayName": "Jean",
      "givenName": "Roble",
      "id": "c5b19a52-94c3-4a47-96d5-7f566c9a880c",
      "jobTitle": null,
      "mail": null,
      "mobilePhone": null,
      "name": "Jean",
      "officeLocation": null,
      "preferredLanguage": null,
      "surname": null,
      "userPrincipalName": "jean.robles@j1azureintegrationdev.onmicrosoft.com",
      "username": "jean.robles@j1azureintegrationdev.onmicrosoft.com",
    },
    {
      "_class": [
        "User",
      ],
      "_key": "microsoft_defender_user:e3d9447d-0a90-430e-b1e8-17c6c331c6c7",
      "_rawData": [
        {
          "name": "default",
          "rawData": {
            "businessPhones": [],
            "displayName": "John Chavez",
            "givenName": null,
            "id": "e3d9447d-0a90-430e-b1e8-17c6c331c6c7",
            "jobTitle": null,
            "mail": "john.chavez@jupiterone.com",
            "mobilePhone": null,
            "officeLocation": null,
            "preferredLanguage": null,
            "surname": null,
            "userPrincipalName": "john.chavez@j1AzureIntegrationDev.onmicrosoft.com",
          },
        },
      ],
      "_type": "microsoft_defender_user",
      "active": true,
      "businessPhones": [],
      "createdOn": undefined,
      "displayName": "John Chavez",
      "givenName": null,
      "id": "e3d9447d-0a90-430e-b1e8-17c6c331c6c7",
      "jobTitle": null,
      "mail": "john.chavez@jupiterone.com",
      "mobilePhone": null,
      "name": "John Chavez",
      "officeLocation": null,
      "preferredLanguage": null,
      "surname": null,
      "userPrincipalName": "john.chavez@j1AzureIntegrationDev.onmicrosoft.com",
      "username": "john.chavez@j1AzureIntegrationDev.onmicrosoft.com",
    },
    {
      "_class": [
        "User",
      ],
      "_key": "microsoft_defender_user:9a5cad7e-3ccb-44d8-a58c-cb031669a06c",
      "_rawData": [
        {
          "name": "default",
          "rawData": {
            "businessPhones": [],
            "displayName": "Julia Zolotarev",
            "givenName": null,
            "id": "9a5cad7e-3ccb-44d8-a58c-cb031669a06c",
            "jobTitle": null,
            "mail": null,
            "mobilePhone": null,
            "officeLocation": null,
            "preferredLanguage": null,
            "surname": null,
            "userPrincipalName": "Julia.Zolotarev@j1AzureIntegrationDev.onmicrosoft.com",
          },
        },
      ],
      "_type": "microsoft_defender_user",
      "active": true,
      "businessPhones": [],
      "createdOn": undefined,
      "displayName": "Julia Zolotarev",
      "givenName": null,
      "id": "9a5cad7e-3ccb-44d8-a58c-cb031669a06c",
      "jobTitle": null,
      "mail": null,
      "mobilePhone": null,
      "name": "Julia Zolotarev",
      "officeLocation": null,
      "preferredLanguage": null,
      "surname": null,
      "userPrincipalName": "Julia.Zolotarev@j1AzureIntegrationDev.onmicrosoft.com",
      "username": "Julia.Zolotarev@j1AzureIntegrationDev.onmicrosoft.com",
    },
    {
      "_class": [
        "User",
      ],
      "_key": "microsoft_defender_user:3b89bed8-11b2-460b-9c3d-2677513816da",
      "_rawData": [
        {
          "name": "default",
          "rawData": {
            "businessPhones": [],
            "displayName": "Matthew Zember",
            "givenName": null,
            "id": "3b89bed8-11b2-460b-9c3d-2677513816da",
            "jobTitle": null,
            "mail": "matthew.zember@jupiterone.com",
            "mobilePhone": null,
            "officeLocation": null,
            "preferredLanguage": null,
            "surname": null,
            "userPrincipalName": "matthew.zember_jupiterone.com#EXT#@j1AzureIntegrationDev.onmicrosoft.com",
          },
        },
      ],
      "_type": "microsoft_defender_user",
      "active": true,
      "businessPhones": [],
      "createdOn": undefined,
      "displayName": "Matthew Zember",
      "givenName": null,
      "id": "3b89bed8-11b2-460b-9c3d-2677513816da",
      "jobTitle": null,
      "mail": "matthew.zember@jupiterone.com",
      "mobilePhone": null,
      "name": "Matthew Zember",
      "officeLocation": null,
      "preferredLanguage": null,
      "surname": null,
      "userPrincipalName": "matthew.zember_jupiterone.com#EXT#@j1AzureIntegrationDev.onmicrosoft.com",
      "username": "matthew.zember_jupiterone.com#EXT#@j1AzureIntegrationDev.onmicrosoft.com",
    },
    {
      "_class": [
        "User",
      ],
      "_key": "microsoft_defender_user:4f0dbdc3-d93a-4b10-b76e-4355e86deaf3",
      "_rawData": [
        {
          "name": "default",
          "rawData": {
            "businessPhones": [],
            "displayName": "metron",
            "givenName": null,
            "id": "4f0dbdc3-d93a-4b10-b76e-4355e86deaf3",
            "jobTitle": null,
            "mail": null,
            "mobilePhone": null,
            "officeLocation": null,
            "preferredLanguage": null,
            "surname": null,
            "userPrincipalName": "metron@j1AzureIntegrationDev.onmicrosoft.com",
          },
        },
      ],
      "_type": "microsoft_defender_user",
      "active": true,
      "businessPhones": [],
      "createdOn": undefined,
      "displayName": "metron",
      "givenName": null,
      "id": "4f0dbdc3-d93a-4b10-b76e-4355e86deaf3",
      "jobTitle": null,
      "mail": null,
      "mobilePhone": null,
      "name": "metron",
      "officeLocation": null,
      "preferredLanguage": null,
      "surname": null,
      "userPrincipalName": "metron@j1AzureIntegrationDev.onmicrosoft.com",
      "username": "metron@j1AzureIntegrationDev.onmicrosoft.com",
    },
    {
      "_class": [
        "User",
      ],
      "_key": "microsoft_defender_user:19221e8d-3fec-464a-a718-47d9d8b848a2",
      "_rawData": [
        {
          "name": "default",
          "rawData": {
            "businessPhones": [],
            "displayName": "michell.ayalagalvan@contractor.jupiterone.com",
            "givenName": "Michell",
            "id": "19221e8d-3fec-464a-a718-47d9d8b848a2",
            "jobTitle": null,
            "mail": null,
            "mobilePhone": null,
            "officeLocation": null,
            "preferredLanguage": null,
            "surname": "Ayala",
            "userPrincipalName": "michell.ayalagalvan@j1azureintegrationdev.onmicrosoft.com",
          },
        },
      ],
      "_type": "microsoft_defender_user",
      "active": true,
      "businessPhones": [],
      "createdOn": undefined,
      "displayName": "michell.ayalagalvan@contractor.jupiterone.com",
      "givenName": "Michell",
      "id": "19221e8d-3fec-464a-a718-47d9d8b848a2",
      "jobTitle": null,
      "mail": null,
      "mobilePhone": null,
      "name": "michell.ayalagalvan@contractor.jupiterone.com",
      "officeLocation": null,
      "preferredLanguage": null,
      "surname": "Ayala",
      "userPrincipalName": "michell.ayalagalvan@j1azureintegrationdev.onmicrosoft.com",
      "username": "michell.ayalagalvan@j1azureintegrationdev.onmicrosoft.com",
    },
    {
      "_class": [
        "User",
      ],
      "_key": "microsoft_defender_user:02e7e79a-bb30-4f28-ad78-1888f5cb4aa1",
      "_rawData": [
        {
          "name": "default",
          "rawData": {
            "businessPhones": [],
            "displayName": "Myles McConkey",
            "givenName": null,
            "id": "02e7e79a-bb30-4f28-ad78-1888f5cb4aa1",
            "jobTitle": null,
            "mail": "myles.mcconkey@jupiterone.com",
            "mobilePhone": null,
            "officeLocation": null,
            "preferredLanguage": null,
            "surname": null,
            "userPrincipalName": "myles.mcconkey_jupiterone.com#EXT#@j1AzureIntegrationDev.onmicrosoft.com",
          },
        },
      ],
      "_type": "microsoft_defender_user",
      "active": true,
      "businessPhones": [],
      "createdOn": undefined,
      "displayName": "Myles McConkey",
      "givenName": null,
      "id": "02e7e79a-bb30-4f28-ad78-1888f5cb4aa1",
      "jobTitle": null,
      "mail": "myles.mcconkey@jupiterone.com",
      "mobilePhone": null,
      "name": "Myles McConkey",
      "officeLocation": null,
      "preferredLanguage": null,
      "surname": null,
      "userPrincipalName": "myles.mcconkey_jupiterone.com#EXT#@j1AzureIntegrationDev.onmicrosoft.com",
      "username": "myles.mcconkey_jupiterone.com#EXT#@j1AzureIntegrationDev.onmicrosoft.com",
    },
    {
      "_class": [
        "User",
      ],
      "_key": "microsoft_defender_user:93934198-dd51-407c-aa0d-6b3dce69b095",
      "_rawData": [
        {
          "name": "default",
          "rawData": {
            "businessPhones": [],
            "displayName": "nick.dowmon@jupiterone.com",
            "givenName": "nick.dowmon@jupiterone.com",
            "id": "93934198-dd51-407c-aa0d-6b3dce69b095",
            "jobTitle": null,
            "mail": null,
            "mobilePhone": null,
            "officeLocation": null,
            "preferredLanguage": null,
            "surname": "nick.dowmon_jupiterone.com#EXT#",
            "userPrincipalName": "nick.dowmon_jupiterone.com#EXT#_ndowmongmail.onmicrosoUEEKF#EXT#@j1AzureIntegrationDev.onmicrosoft.com",
          },
        },
      ],
      "_type": "microsoft_defender_user",
      "active": true,
      "businessPhones": [],
      "createdOn": undefined,
      "displayName": "nick.dowmon@jupiterone.com",
      "givenName": "nick.dowmon@jupiterone.com",
      "id": "93934198-dd51-407c-aa0d-6b3dce69b095",
      "jobTitle": null,
      "mail": null,
      "mobilePhone": null,
      "name": "nick.dowmon@jupiterone.com",
      "officeLocation": null,
      "preferredLanguage": null,
      "surname": "nick.dowmon_jupiterone.com#EXT#",
      "userPrincipalName": "nick.dowmon_jupiterone.com#EXT#_ndowmongmail.onmicrosoUEEKF#EXT#@j1AzureIntegrationDev.onmicrosoft.com",
      "username": "nick.dowmon_jupiterone.com#EXT#_ndowmongmail.onmicrosoUEEKF#EXT#@j1AzureIntegrationDev.onmicrosoft.com",
    },
    {
      "_class": [
        "User",
      ],
      "_key": "microsoft_defender_user:fb2c3134-1a1c-47b0-a788-bed77943e04a",
      "_rawData": [
        {
          "name": "default",
          "rawData": {
            "businessPhones": [],
            "displayName": "Nick Thompson",
            "givenName": null,
            "id": "fb2c3134-1a1c-47b0-a788-bed77943e04a",
            "jobTitle": null,
            "mail": "nick.thompson@jupiterone.com",
            "mobilePhone": null,
            "officeLocation": null,
            "preferredLanguage": null,
            "surname": null,
            "userPrincipalName": "nick.thompson_jupiterone.com#EXT#@j1AzureIntegrationDev.onmicrosoft.com",
          },
        },
      ],
      "_type": "microsoft_defender_user",
      "active": true,
      "businessPhones": [],
      "createdOn": undefined,
      "displayName": "Nick Thompson",
      "givenName": null,
      "id": "fb2c3134-1a1c-47b0-a788-bed77943e04a",
      "jobTitle": null,
      "mail": "nick.thompson@jupiterone.com",
      "mobilePhone": null,
      "name": "Nick Thompson",
      "officeLocation": null,
      "preferredLanguage": null,
      "surname": null,
      "userPrincipalName": "nick.thompson_jupiterone.com#EXT#@j1AzureIntegrationDev.onmicrosoft.com",
      "username": "nick.thompson_jupiterone.com#EXT#@j1AzureIntegrationDev.onmicrosoft.com",
    },
    {
      "_class": [
        "User",
      ],
      "_key": "microsoft_defender_user:1f4787d8-650f-4dd6-bfc5-ede5d47b63f5",
      "_rawData": [
        {
          "name": "default",
          "rawData": {
            "businessPhones": [],
            "displayName": "Paul v2",
            "givenName": null,
            "id": "1f4787d8-650f-4dd6-bfc5-ede5d47b63f5",
            "jobTitle": null,
            "mail": "pgrilaga@gmail.com",
            "mobilePhone": null,
            "officeLocation": null,
            "preferredLanguage": null,
            "surname": null,
            "userPrincipalName": "pgrilaga_gmail.com#EXT#@j1AzureIntegrationDev.onmicrosoft.com",
          },
        },
      ],
      "_type": "microsoft_defender_user",
      "active": true,
      "businessPhones": [],
      "createdOn": undefined,
      "displayName": "Paul v2",
      "givenName": null,
      "id": "1f4787d8-650f-4dd6-bfc5-ede5d47b63f5",
      "jobTitle": null,
      "mail": "pgrilaga@gmail.com",
      "mobilePhone": null,
      "name": "Paul v2",
      "officeLocation": null,
      "preferredLanguage": null,
      "surname": null,
      "userPrincipalName": "pgrilaga_gmail.com#EXT#@j1AzureIntegrationDev.onmicrosoft.com",
      "username": "pgrilaga_gmail.com#EXT#@j1AzureIntegrationDev.onmicrosoft.com",
    },
    {
      "_class": [
        "User",
      ],
      "_key": "microsoft_defender_user:f13774f4-bbfc-4a8f-9ef6-ae9a62f97a02",
      "_rawData": [
        {
          "name": "default",
          "rawData": {
            "businessPhones": [],
            "displayName": "Ronald Arias",
            "givenName": null,
            "id": "f13774f4-bbfc-4a8f-9ef6-ae9a62f97a02",
            "jobTitle": null,
            "mail": null,
            "mobilePhone": null,
            "officeLocation": null,
            "preferredLanguage": null,
            "surname": null,
            "userPrincipalName": "ronald.arias@j1AzureIntegrationDev.onmicrosoft.com",
          },
        },
      ],
      "_type": "microsoft_defender_user",
      "active": true,
      "businessPhones": [],
      "createdOn": undefined,
      "displayName": "Ronald Arias",
      "givenName": null,
      "id": "f13774f4-bbfc-4a8f-9ef6-ae9a62f97a02",
      "jobTitle": null,
      "mail": null,
      "mobilePhone": null,
      "name": "Ronald Arias",
      "officeLocation": null,
      "preferredLanguage": null,
      "surname": null,
      "userPrincipalName": "ronald.arias@j1AzureIntegrationDev.onmicrosoft.com",
      "username": "ronald.arias@j1AzureIntegrationDev.onmicrosoft.com",
    },
    {
      "_class": [
        "User",
      ],
      "_key": "microsoft_defender_user:23c5678a-8c12-44c4-8291-3832bd4e0f8b",
      "_rawData": [
        {
          "name": "default",
          "rawData": {
            "businessPhones": [],
            "displayName": "Kristal York (skylarktriollc)",
            "givenName": "Kristal",
            "id": "23c5678a-8c12-44c4-8291-3832bd4e0f8b",
            "jobTitle": null,
            "mail": "skylarktriollc@outlook.com",
            "mobilePhone": null,
            "officeLocation": null,
            "preferredLanguage": null,
            "surname": "York",
            "userPrincipalName": "skylarktriollc_outlook.com#EXT#@j1AzureIntegrationDev.onmicrosoft.com",
          },
        },
      ],
      "_type": "microsoft_defender_user",
      "active": true,
      "businessPhones": [],
      "createdOn": undefined,
      "displayName": "Kristal York (skylarktriollc)",
      "givenName": "Kristal",
      "id": "23c5678a-8c12-44c4-8291-3832bd4e0f8b",
      "jobTitle": null,
      "mail": "skylarktriollc@outlook.com",
      "mobilePhone": null,
      "name": "Kristal York (skylarktriollc)",
      "officeLocation": null,
      "preferredLanguage": null,
      "surname": "York",
      "userPrincipalName": "skylarktriollc_outlook.com#EXT#@j1AzureIntegrationDev.onmicrosoft.com",
      "username": "skylarktriollc_outlook.com#EXT#@j1AzureIntegrationDev.onmicrosoft.com",
    },
    {
      "_class": [
        "User",
      ],
      "_key": "microsoft_defender_user:518aa29e-ad11-4c86-a70b-c3fad261a4cd",
      "_rawData": [
        {
          "name": "default",
          "rawData": {
            "businessPhones": [],
            "displayName": "Stefan",
            "givenName": null,
            "id": "518aa29e-ad11-4c86-a70b-c3fad261a4cd",
            "jobTitle": null,
            "mail": "stefan@creativice.com",
            "mobilePhone": null,
            "officeLocation": null,
            "preferredLanguage": null,
            "surname": null,
            "userPrincipalName": "stefan_creativice.com#EXT#@j1AzureIntegrationDev.onmicrosoft.com",
          },
        },
      ],
      "_type": "microsoft_defender_user",
      "active": true,
      "businessPhones": [],
      "createdOn": undefined,
      "displayName": "Stefan",
      "givenName": null,
      "id": "518aa29e-ad11-4c86-a70b-c3fad261a4cd",
      "jobTitle": null,
      "mail": "stefan@creativice.com",
      "mobilePhone": null,
      "name": "Stefan",
      "officeLocation": null,
      "preferredLanguage": null,
      "surname": null,
      "userPrincipalName": "stefan_creativice.com#EXT#@j1AzureIntegrationDev.onmicrosoft.com",
      "username": "stefan_creativice.com#EXT#@j1AzureIntegrationDev.onmicrosoft.com",
    },
    {
      "_class": [
        "User",
      ],
      "_key": "microsoft_defender_user:de0ca584-dc9f-49f9-bcf7-608667636b76",
      "_rawData": [
        {
          "name": "default",
          "rawData": {
            "businessPhones": [],
            "displayName": "teemu.hirvonen",
            "givenName": null,
            "id": "de0ca584-dc9f-49f9-bcf7-608667636b76",
            "jobTitle": null,
            "mail": "teemu.hirvonen@contractor.jupiterone.com",
            "mobilePhone": null,
            "officeLocation": null,
            "preferredLanguage": null,
            "surname": null,
            "userPrincipalName": "teemu.hirvonen_contractor.jupiterone.com#EXT#@j1AzureIntegrationDev.onmicrosoft.com",
          },
        },
      ],
      "_type": "microsoft_defender_user",
      "active": true,
      "businessPhones": [],
      "createdOn": undefined,
      "displayName": "teemu.hirvonen",
      "givenName": null,
      "id": "de0ca584-dc9f-49f9-bcf7-608667636b76",
      "jobTitle": null,
      "mail": "teemu.hirvonen@contractor.jupiterone.com",
      "mobilePhone": null,
      "name": "teemu.hirvonen",
      "officeLocation": null,
      "preferredLanguage": null,
      "surname": null,
      "userPrincipalName": "teemu.hirvonen_contractor.jupiterone.com#EXT#@j1AzureIntegrationDev.onmicrosoft.com",
      "username": "teemu.hirvonen_contractor.jupiterone.com#EXT#@j1AzureIntegrationDev.onmicrosoft.com",
    },
    {
      "_class": [
        "User",
      ],
      "_key": "microsoft_defender_user:f2e53000-20c8-4933-bb4f-05c63f431f63",
      "_rawData": [
        {
          "name": "default",
          "rawData": {
            "businessPhones": [],
            "displayName": "Teemu",
            "givenName": null,
            "id": "f2e53000-20c8-4933-bb4f-05c63f431f63",
            "jobTitle": null,
            "mail": "teemu@creativice.com",
            "mobilePhone": null,
            "officeLocation": null,
            "preferredLanguage": null,
            "surname": null,
            "userPrincipalName": "teemu_creativice.com#EXT#@j1AzureIntegrationDev.onmicrosoft.com",
          },
        },
      ],
      "_type": "microsoft_defender_user",
      "active": true,
      "businessPhones": [],
      "createdOn": undefined,
      "displayName": "Teemu",
      "givenName": null,
      "id": "f2e53000-20c8-4933-bb4f-05c63f431f63",
      "jobTitle": null,
      "mail": "teemu@creativice.com",
      "mobilePhone": null,
      "name": "Teemu",
      "officeLocation": null,
      "preferredLanguage": null,
      "surname": null,
      "userPrincipalName": "teemu_creativice.com#EXT#@j1AzureIntegrationDev.onmicrosoft.com",
      "username": "teemu_creativice.com#EXT#@j1AzureIntegrationDev.onmicrosoft.com",
    },
    {
      "_class": [
        "User",
      ],
      "_key": "microsoft_defender_user:7ea927d2-beac-495a-9c35-88a786ec8327",
      "_rawData": [
        {
          "name": "default",
          "rawData": {
            "businessPhones": [],
            "displayName": "Tony Ramirez",
            "givenName": "Tony",
            "id": "7ea927d2-beac-495a-9c35-88a786ec8327",
            "jobTitle": null,
            "mail": "tony.ramirez@jupiterone.com",
            "mobilePhone": null,
            "officeLocation": null,
            "preferredLanguage": null,
            "surname": "Ramirez",
            "userPrincipalName": "tony.ramirez_jupiterone.com#EXT#@j1AzureIntegrationDev.onmicrosoft.com",
          },
        },
      ],
      "_type": "microsoft_defender_user",
      "active": true,
      "businessPhones": [],
      "createdOn": undefined,
      "displayName": "Tony Ramirez",
      "givenName": "Tony",
      "id": "7ea927d2-beac-495a-9c35-88a786ec8327",
      "jobTitle": null,
      "mail": "tony.ramirez@jupiterone.com",
      "mobilePhone": null,
      "name": "Tony Ramirez",
      "officeLocation": null,
      "preferredLanguage": null,
      "surname": "Ramirez",
      "userPrincipalName": "tony.ramirez_jupiterone.com#EXT#@j1AzureIntegrationDev.onmicrosoft.com",
      "username": "tony.ramirez_jupiterone.com#EXT#@j1AzureIntegrationDev.onmicrosoft.com",
    },
    {
      "_class": [
        "User",
      ],
      "_key": "microsoft_defender_user:ba05fc38-1d89-417e-baf2-f9cdf4f8d7e8",
      "_rawData": [
        {
          "name": "default",
          "rawData": {
            "businessPhones": [],
            "displayName": "Vien Pham",
            "givenName": null,
            "id": "ba05fc38-1d89-417e-baf2-f9cdf4f8d7e8",
            "jobTitle": null,
            "mail": "vien.pham@jupiterone.com",
            "mobilePhone": null,
            "officeLocation": null,
            "preferredLanguage": null,
            "surname": null,
            "userPrincipalName": "vien.pham_jupiterone.com#EXT#@j1AzureIntegrationDev.onmicrosoft.com",
          },
        },
      ],
      "_type": "microsoft_defender_user",
      "active": true,
      "businessPhones": [],
      "createdOn": undefined,
      "displayName": "Vien Pham",
      "givenName": null,
      "id": "ba05fc38-1d89-417e-baf2-f9cdf4f8d7e8",
      "jobTitle": null,
      "mail": "vien.pham@jupiterone.com",
      "mobilePhone": null,
      "name": "Vien Pham",
      "officeLocation": null,
      "preferredLanguage": null,
      "surname": null,
      "userPrincipalName": "vien.pham_jupiterone.com#EXT#@j1AzureIntegrationDev.onmicrosoft.com",
      "username": "vien.pham_jupiterone.com#EXT#@j1AzureIntegrationDev.onmicrosoft.com",
    },
  ],
  "collectedRelationships": [
    {
      "_class": "HAS",
      "_fromEntityKey": "microsoft_defender_account:local-integration-instance",
      "_key": "microsoft_defender_account:local-integration-instance|has|microsoft_defender_user:eaca2822-9c62-4244-9c01-1818b5c4f98e",
      "_toEntityKey": "microsoft_defender_user:eaca2822-9c62-4244-9c01-1818b5c4f98e",
      "_type": "microsoft_defender_account_has_user",
      "displayName": "HAS",
    },
    {
      "_class": "HAS",
      "_fromEntityKey": "microsoft_defender_account:local-integration-instance",
      "_key": "microsoft_defender_account:local-integration-instance|has|microsoft_defender_user:bc6ef7fc-212e-4e35-a26c-a50460cfc266",
      "_toEntityKey": "microsoft_defender_user:bc6ef7fc-212e-4e35-a26c-a50460cfc266",
      "_type": "microsoft_defender_account_has_user",
      "displayName": "HAS",
    },
    {
      "_class": "HAS",
      "_fromEntityKey": "microsoft_defender_account:local-integration-instance",
      "_key": "microsoft_defender_account:local-integration-instance|has|microsoft_defender_user:38d4b262-f887-4942-914a-aba6c524f49c",
      "_toEntityKey": "microsoft_defender_user:38d4b262-f887-4942-914a-aba6c524f49c",
      "_type": "microsoft_defender_account_has_user",
      "displayName": "HAS",
    },
    {
      "_class": "HAS",
      "_fromEntityKey": "microsoft_defender_account:local-integration-instance",
      "_key": "microsoft_defender_account:local-integration-instance|has|microsoft_defender_user:7457c5f2-5cb6-4042-ab02-91f27dd3f7f0",
      "_toEntityKey": "microsoft_defender_user:7457c5f2-5cb6-4042-ab02-91f27dd3f7f0",
      "_type": "microsoft_defender_account_has_user",
      "displayName": "HAS",
    },
    {
      "_class": "HAS",
      "_fromEntityKey": "microsoft_defender_account:local-integration-instance",
      "_key": "microsoft_defender_account:local-integration-instance|has|microsoft_defender_user:72a150de-0ad9-428d-bb4b-8c5319307b75",
      "_toEntityKey": "microsoft_defender_user:72a150de-0ad9-428d-bb4b-8c5319307b75",
      "_type": "microsoft_defender_account_has_user",
      "displayName": "HAS",
    },
    {
      "_class": "HAS",
      "_fromEntityKey": "microsoft_defender_account:local-integration-instance",
      "_key": "microsoft_defender_account:local-integration-instance|has|microsoft_defender_user:f5b18ee5-3045-48e1-bf82-704297ca84cd",
      "_toEntityKey": "microsoft_defender_user:f5b18ee5-3045-48e1-bf82-704297ca84cd",
      "_type": "microsoft_defender_account_has_user",
      "displayName": "HAS",
    },
    {
      "_class": "HAS",
      "_fromEntityKey": "microsoft_defender_account:local-integration-instance",
      "_key": "microsoft_defender_account:local-integration-instance|has|microsoft_defender_user:9316f8bc-47b3-45d9-8808-dd02049b09e8",
      "_toEntityKey": "microsoft_defender_user:9316f8bc-47b3-45d9-8808-dd02049b09e8",
      "_type": "microsoft_defender_account_has_user",
      "displayName": "HAS",
    },
    {
      "_class": "HAS",
      "_fromEntityKey": "microsoft_defender_account:local-integration-instance",
      "_key": "microsoft_defender_account:local-integration-instance|has|microsoft_defender_user:54fa634f-5fdf-488a-897c-b6ff0e04e90b",
      "_toEntityKey": "microsoft_defender_user:54fa634f-5fdf-488a-897c-b6ff0e04e90b",
      "_type": "microsoft_defender_account_has_user",
      "displayName": "HAS",
    },
    {
      "_class": "HAS",
      "_fromEntityKey": "microsoft_defender_account:local-integration-instance",
      "_key": "microsoft_defender_account:local-integration-instance|has|microsoft_defender_user:b75fe5cd-2831-4a6f-a0ff-0f900f38308e",
      "_toEntityKey": "microsoft_defender_user:b75fe5cd-2831-4a6f-a0ff-0f900f38308e",
      "_type": "microsoft_defender_account_has_user",
      "displayName": "HAS",
    },
    {
      "_class": "HAS",
      "_fromEntityKey": "microsoft_defender_account:local-integration-instance",
      "_key": "microsoft_defender_account:local-integration-instance|has|microsoft_defender_user:d181659d-9df5-4a9b-8f11-1bc7bcdcc68e",
      "_toEntityKey": "microsoft_defender_user:d181659d-9df5-4a9b-8f11-1bc7bcdcc68e",
      "_type": "microsoft_defender_account_has_user",
      "displayName": "HAS",
    },
    {
      "_class": "HAS",
      "_fromEntityKey": "microsoft_defender_account:local-integration-instance",
      "_key": "microsoft_defender_account:local-integration-instance|has|microsoft_defender_user:25df1070-8f10-41b1-99d2-f5c748d6ec1a",
      "_toEntityKey": "microsoft_defender_user:25df1070-8f10-41b1-99d2-f5c748d6ec1a",
      "_type": "microsoft_defender_account_has_user",
      "displayName": "HAS",
    },
    {
      "_class": "HAS",
      "_fromEntityKey": "microsoft_defender_account:local-integration-instance",
      "_key": "microsoft_defender_account:local-integration-instance|has|microsoft_defender_user:12ae1413-2bfd-4adb-9cfc-e9a342b3e908",
      "_toEntityKey": "microsoft_defender_user:12ae1413-2bfd-4adb-9cfc-e9a342b3e908",
      "_type": "microsoft_defender_account_has_user",
      "displayName": "HAS",
    },
    {
      "_class": "HAS",
      "_fromEntityKey": "microsoft_defender_account:local-integration-instance",
      "_key": "microsoft_defender_account:local-integration-instance|has|microsoft_defender_user:76e41313-7903-422b-b3a8-6f83e7113fe9",
      "_toEntityKey": "microsoft_defender_user:76e41313-7903-422b-b3a8-6f83e7113fe9",
      "_type": "microsoft_defender_account_has_user",
      "displayName": "HAS",
    },
    {
      "_class": "HAS",
      "_fromEntityKey": "microsoft_defender_account:local-integration-instance",
      "_key": "microsoft_defender_account:local-integration-instance|has|microsoft_defender_user:29c450c9-3e2e-4f8d-9a0d-6111343134ec",
      "_toEntityKey": "microsoft_defender_user:29c450c9-3e2e-4f8d-9a0d-6111343134ec",
      "_type": "microsoft_defender_account_has_user",
      "displayName": "HAS",
    },
    {
      "_class": "HAS",
      "_fromEntityKey": "microsoft_defender_account:local-integration-instance",
      "_key": "microsoft_defender_account:local-integration-instance|has|microsoft_defender_user:5939ae0f-cb0f-4e1b-97ac-d440f96ed85b",
      "_toEntityKey": "microsoft_defender_user:5939ae0f-cb0f-4e1b-97ac-d440f96ed85b",
      "_type": "microsoft_defender_account_has_user",
      "displayName": "HAS",
    },
    {
      "_class": "HAS",
      "_fromEntityKey": "microsoft_defender_account:local-integration-instance",
      "_key": "microsoft_defender_account:local-integration-instance|has|microsoft_defender_user:e31dc0ff-4981-4a63-bcbf-7471574a478c",
      "_toEntityKey": "microsoft_defender_user:e31dc0ff-4981-4a63-bcbf-7471574a478c",
      "_type": "microsoft_defender_account_has_user",
      "displayName": "HAS",
    },
    {
      "_class": "HAS",
      "_fromEntityKey": "microsoft_defender_account:local-integration-instance",
      "_key": "microsoft_defender_account:local-integration-instance|has|microsoft_defender_user:23fc542b-e0e2-4086-b182-47a78d691f0b",
      "_toEntityKey": "microsoft_defender_user:23fc542b-e0e2-4086-b182-47a78d691f0b",
      "_type": "microsoft_defender_account_has_user",
      "displayName": "HAS",
    },
    {
      "_class": "HAS",
      "_fromEntityKey": "microsoft_defender_account:local-integration-instance",
      "_key": "microsoft_defender_account:local-integration-instance|has|microsoft_defender_user:7adf7196-ebb6-400d-a96a-ce4195814c7c",
      "_toEntityKey": "microsoft_defender_user:7adf7196-ebb6-400d-a96a-ce4195814c7c",
      "_type": "microsoft_defender_account_has_user",
      "displayName": "HAS",
    },
    {
      "_class": "HAS",
      "_fromEntityKey": "microsoft_defender_account:local-integration-instance",
      "_key": "microsoft_defender_account:local-integration-instance|has|microsoft_defender_user:1c8a44d9-6f81-44c1-8291-496ed27206c4",
      "_toEntityKey": "microsoft_defender_user:1c8a44d9-6f81-44c1-8291-496ed27206c4",
      "_type": "microsoft_defender_account_has_user",
      "displayName": "HAS",
    },
    {
      "_class": "HAS",
      "_fromEntityKey": "microsoft_defender_account:local-integration-instance",
      "_key": "microsoft_defender_account:local-integration-instance|has|microsoft_defender_user:4e93ce65-5bed-4d52-a4f3-eec8c1a2a42c",
      "_toEntityKey": "microsoft_defender_user:4e93ce65-5bed-4d52-a4f3-eec8c1a2a42c",
      "_type": "microsoft_defender_account_has_user",
      "displayName": "HAS",
    },
    {
      "_class": "HAS",
      "_fromEntityKey": "microsoft_defender_account:local-integration-instance",
      "_key": "microsoft_defender_account:local-integration-instance|has|microsoft_defender_user:570bd94d-5b87-453a-bd97-f8cf073ea0bd",
      "_toEntityKey": "microsoft_defender_user:570bd94d-5b87-453a-bd97-f8cf073ea0bd",
      "_type": "microsoft_defender_account_has_user",
      "displayName": "HAS",
    },
    {
      "_class": "HAS",
      "_fromEntityKey": "microsoft_defender_account:local-integration-instance",
      "_key": "microsoft_defender_account:local-integration-instance|has|microsoft_defender_user:c5b19a52-94c3-4a47-96d5-7f566c9a880c",
      "_toEntityKey": "microsoft_defender_user:c5b19a52-94c3-4a47-96d5-7f566c9a880c",
      "_type": "microsoft_defender_account_has_user",
      "displayName": "HAS",
    },
    {
      "_class": "HAS",
      "_fromEntityKey": "microsoft_defender_account:local-integration-instance",
      "_key": "microsoft_defender_account:local-integration-instance|has|microsoft_defender_user:e3d9447d-0a90-430e-b1e8-17c6c331c6c7",
      "_toEntityKey": "microsoft_defender_user:e3d9447d-0a90-430e-b1e8-17c6c331c6c7",
      "_type": "microsoft_defender_account_has_user",
      "displayName": "HAS",
    },
    {
      "_class": "HAS",
      "_fromEntityKey": "microsoft_defender_account:local-integration-instance",
      "_key": "microsoft_defender_account:local-integration-instance|has|microsoft_defender_user:9a5cad7e-3ccb-44d8-a58c-cb031669a06c",
      "_toEntityKey": "microsoft_defender_user:9a5cad7e-3ccb-44d8-a58c-cb031669a06c",
      "_type": "microsoft_defender_account_has_user",
      "displayName": "HAS",
    },
    {
      "_class": "HAS",
      "_fromEntityKey": "microsoft_defender_account:local-integration-instance",
      "_key": "microsoft_defender_account:local-integration-instance|has|microsoft_defender_user:3b89bed8-11b2-460b-9c3d-2677513816da",
      "_toEntityKey": "microsoft_defender_user:3b89bed8-11b2-460b-9c3d-2677513816da",
      "_type": "microsoft_defender_account_has_user",
      "displayName": "HAS",
    },
    {
      "_class": "HAS",
      "_fromEntityKey": "microsoft_defender_account:local-integration-instance",
      "_key": "microsoft_defender_account:local-integration-instance|has|microsoft_defender_user:4f0dbdc3-d93a-4b10-b76e-4355e86deaf3",
      "_toEntityKey": "microsoft_defender_user:4f0dbdc3-d93a-4b10-b76e-4355e86deaf3",
      "_type": "microsoft_defender_account_has_user",
      "displayName": "HAS",
    },
    {
      "_class": "HAS",
      "_fromEntityKey": "microsoft_defender_account:local-integration-instance",
      "_key": "microsoft_defender_account:local-integration-instance|has|microsoft_defender_user:19221e8d-3fec-464a-a718-47d9d8b848a2",
      "_toEntityKey": "microsoft_defender_user:19221e8d-3fec-464a-a718-47d9d8b848a2",
      "_type": "microsoft_defender_account_has_user",
      "displayName": "HAS",
    },
    {
      "_class": "HAS",
      "_fromEntityKey": "microsoft_defender_account:local-integration-instance",
      "_key": "microsoft_defender_account:local-integration-instance|has|microsoft_defender_user:02e7e79a-bb30-4f28-ad78-1888f5cb4aa1",
      "_toEntityKey": "microsoft_defender_user:02e7e79a-bb30-4f28-ad78-1888f5cb4aa1",
      "_type": "microsoft_defender_account_has_user",
      "displayName": "HAS",
    },
    {
      "_class": "HAS",
      "_fromEntityKey": "microsoft_defender_account:local-integration-instance",
      "_key": "microsoft_defender_account:local-integration-instance|has|microsoft_defender_user:93934198-dd51-407c-aa0d-6b3dce69b095",
      "_toEntityKey": "microsoft_defender_user:93934198-dd51-407c-aa0d-6b3dce69b095",
      "_type": "microsoft_defender_account_has_user",
      "displayName": "HAS",
    },
    {
      "_class": "HAS",
      "_fromEntityKey": "microsoft_defender_account:local-integration-instance",
      "_key": "microsoft_defender_account:local-integration-instance|has|microsoft_defender_user:fb2c3134-1a1c-47b0-a788-bed77943e04a",
      "_toEntityKey": "microsoft_defender_user:fb2c3134-1a1c-47b0-a788-bed77943e04a",
      "_type": "microsoft_defender_account_has_user",
      "displayName": "HAS",
    },
    {
      "_class": "HAS",
      "_fromEntityKey": "microsoft_defender_account:local-integration-instance",
      "_key": "microsoft_defender_account:local-integration-instance|has|microsoft_defender_user:1f4787d8-650f-4dd6-bfc5-ede5d47b63f5",
      "_toEntityKey": "microsoft_defender_user:1f4787d8-650f-4dd6-bfc5-ede5d47b63f5",
      "_type": "microsoft_defender_account_has_user",
      "displayName": "HAS",
    },
    {
      "_class": "HAS",
      "_fromEntityKey": "microsoft_defender_account:local-integration-instance",
      "_key": "microsoft_defender_account:local-integration-instance|has|microsoft_defender_user:f13774f4-bbfc-4a8f-9ef6-ae9a62f97a02",
      "_toEntityKey": "microsoft_defender_user:f13774f4-bbfc-4a8f-9ef6-ae9a62f97a02",
      "_type": "microsoft_defender_account_has_user",
      "displayName": "HAS",
    },
    {
      "_class": "HAS",
      "_fromEntityKey": "microsoft_defender_account:local-integration-instance",
      "_key": "microsoft_defender_account:local-integration-instance|has|microsoft_defender_user:23c5678a-8c12-44c4-8291-3832bd4e0f8b",
      "_toEntityKey": "microsoft_defender_user:23c5678a-8c12-44c4-8291-3832bd4e0f8b",
      "_type": "microsoft_defender_account_has_user",
      "displayName": "HAS",
    },
    {
      "_class": "HAS",
      "_fromEntityKey": "microsoft_defender_account:local-integration-instance",
      "_key": "microsoft_defender_account:local-integration-instance|has|microsoft_defender_user:518aa29e-ad11-4c86-a70b-c3fad261a4cd",
      "_toEntityKey": "microsoft_defender_user:518aa29e-ad11-4c86-a70b-c3fad261a4cd",
      "_type": "microsoft_defender_account_has_user",
      "displayName": "HAS",
    },
    {
      "_class": "HAS",
      "_fromEntityKey": "microsoft_defender_account:local-integration-instance",
      "_key": "microsoft_defender_account:local-integration-instance|has|microsoft_defender_user:de0ca584-dc9f-49f9-bcf7-608667636b76",
      "_toEntityKey": "microsoft_defender_user:de0ca584-dc9f-49f9-bcf7-608667636b76",
      "_type": "microsoft_defender_account_has_user",
      "displayName": "HAS",
    },
    {
      "_class": "HAS",
      "_fromEntityKey": "microsoft_defender_account:local-integration-instance",
      "_key": "microsoft_defender_account:local-integration-instance|has|microsoft_defender_user:f2e53000-20c8-4933-bb4f-05c63f431f63",
      "_toEntityKey": "microsoft_defender_user:f2e53000-20c8-4933-bb4f-05c63f431f63",
      "_type": "microsoft_defender_account_has_user",
      "displayName": "HAS",
    },
    {
      "_class": "HAS",
      "_fromEntityKey": "microsoft_defender_account:local-integration-instance",
      "_key": "microsoft_defender_account:local-integration-instance|has|microsoft_defender_user:7ea927d2-beac-495a-9c35-88a786ec8327",
      "_toEntityKey": "microsoft_defender_user:7ea927d2-beac-495a-9c35-88a786ec8327",
      "_type": "microsoft_defender_account_has_user",
      "displayName": "HAS",
    },
    {
      "_class": "HAS",
      "_fromEntityKey": "microsoft_defender_account:local-integration-instance",
      "_key": "microsoft_defender_account:local-integration-instance|has|microsoft_defender_user:ba05fc38-1d89-417e-baf2-f9cdf4f8d7e8",
      "_toEntityKey": "microsoft_defender_user:ba05fc38-1d89-417e-baf2-f9cdf4f8d7e8",
      "_type": "microsoft_defender_account_has_user",
      "displayName": "HAS",
    },
  ],
  "encounteredEntityKeys": Set {
    "microsoft_defender_user:eaca2822-9c62-4244-9c01-1818b5c4f98e",
    "microsoft_defender_user:bc6ef7fc-212e-4e35-a26c-a50460cfc266",
    "microsoft_defender_user:38d4b262-f887-4942-914a-aba6c524f49c",
    "microsoft_defender_user:7457c5f2-5cb6-4042-ab02-91f27dd3f7f0",
    "microsoft_defender_user:72a150de-0ad9-428d-bb4b-8c5319307b75",
    "microsoft_defender_user:f5b18ee5-3045-48e1-bf82-704297ca84cd",
    "microsoft_defender_user:9316f8bc-47b3-45d9-8808-dd02049b09e8",
    "microsoft_defender_user:54fa634f-5fdf-488a-897c-b6ff0e04e90b",
    "microsoft_defender_user:b75fe5cd-2831-4a6f-a0ff-0f900f38308e",
    "microsoft_defender_user:d181659d-9df5-4a9b-8f11-1bc7bcdcc68e",
    "microsoft_defender_user:25df1070-8f10-41b1-99d2-f5c748d6ec1a",
    "microsoft_defender_user:12ae1413-2bfd-4adb-9cfc-e9a342b3e908",
    "microsoft_defender_user:76e41313-7903-422b-b3a8-6f83e7113fe9",
    "microsoft_defender_user:29c450c9-3e2e-4f8d-9a0d-6111343134ec",
    "microsoft_defender_user:5939ae0f-cb0f-4e1b-97ac-d440f96ed85b",
    "microsoft_defender_user:e31dc0ff-4981-4a63-bcbf-7471574a478c",
    "microsoft_defender_user:23fc542b-e0e2-4086-b182-47a78d691f0b",
    "microsoft_defender_user:7adf7196-ebb6-400d-a96a-ce4195814c7c",
    "microsoft_defender_user:1c8a44d9-6f81-44c1-8291-496ed27206c4",
    "microsoft_defender_user:4e93ce65-5bed-4d52-a4f3-eec8c1a2a42c",
    "microsoft_defender_user:570bd94d-5b87-453a-bd97-f8cf073ea0bd",
    "microsoft_defender_user:c5b19a52-94c3-4a47-96d5-7f566c9a880c",
    "microsoft_defender_user:e3d9447d-0a90-430e-b1e8-17c6c331c6c7",
    "microsoft_defender_user:9a5cad7e-3ccb-44d8-a58c-cb031669a06c",
    "microsoft_defender_user:3b89bed8-11b2-460b-9c3d-2677513816da",
    "microsoft_defender_user:4f0dbdc3-d93a-4b10-b76e-4355e86deaf3",
    "microsoft_defender_user:19221e8d-3fec-464a-a718-47d9d8b848a2",
    "microsoft_defender_user:02e7e79a-bb30-4f28-ad78-1888f5cb4aa1",
    "microsoft_defender_user:93934198-dd51-407c-aa0d-6b3dce69b095",
    "microsoft_defender_user:fb2c3134-1a1c-47b0-a788-bed77943e04a",
    "microsoft_defender_user:1f4787d8-650f-4dd6-bfc5-ede5d47b63f5",
    "microsoft_defender_user:f13774f4-bbfc-4a8f-9ef6-ae9a62f97a02",
    "microsoft_defender_user:23c5678a-8c12-44c4-8291-3832bd4e0f8b",
    "microsoft_defender_user:518aa29e-ad11-4c86-a70b-c3fad261a4cd",
    "microsoft_defender_user:de0ca584-dc9f-49f9-bcf7-608667636b76",
    "microsoft_defender_user:f2e53000-20c8-4933-bb4f-05c63f431f63",
    "microsoft_defender_user:7ea927d2-beac-495a-9c35-88a786ec8327",
    "microsoft_defender_user:ba05fc38-1d89-417e-baf2-f9cdf4f8d7e8",
    "microsoft_defender_account:local-integration-instance",
  },
  "encounteredTypes": [
    "microsoft_defender_account",
    "microsoft_defender_user",
    "microsoft_defender_account_has_user",
  ],
}
`;
